Archive member included to satisfy reference by file (symbol)

C:/ST/STM32CubeIDE_1.16.1/STM32CubeIDE/plugins/com.st.stm32cube.ide.mcu.externaltools.gnu-tools-for-stm32.12.3.rel1.win32_1.0.200.202406191623/tools/bin/../lib/gcc/arm-none-eabi/12.3.1/../../../../arm-none-eabi/lib/thumb/v7e-m+fp/hard\libc_nano.a(libc_a-exit.o)
                              C:/ST/STM32CubeIDE_1.16.1/STM32CubeIDE/plugins/com.st.stm32cube.ide.mcu.externaltools.gnu-tools-for-stm32.12.3.rel1.win32_1.0.200.202406191623/tools/bin/../lib/gcc/arm-none-eabi/12.3.1/../../../../arm-none-eabi/lib/thumb/v7e-m+fp/hard/crt0.o (exit)
C:/ST/STM32CubeIDE_1.16.1/STM32CubeIDE/plugins/com.st.stm32cube.ide.mcu.externaltools.gnu-tools-for-stm32.12.3.rel1.win32_1.0.200.202406191623/tools/bin/../lib/gcc/arm-none-eabi/12.3.1/../../../../arm-none-eabi/lib/thumb/v7e-m+fp/hard\libc_nano.a(libc_a-findfp.o)
                              C:/ST/STM32CubeIDE_1.16.1/STM32CubeIDE/plugins/com.st.stm32cube.ide.mcu.externaltools.gnu-tools-for-stm32.12.3.rel1.win32_1.0.200.202406191623/tools/bin/../lib/gcc/arm-none-eabi/12.3.1/../../../../arm-none-eabi/lib/thumb/v7e-m+fp/hard\libc_nano.a(libc_a-exit.o) (__stdio_exit_handler)
C:/ST/STM32CubeIDE_1.16.1/STM32CubeIDE/plugins/com.st.stm32cube.ide.mcu.externaltools.gnu-tools-for-stm32.12.3.rel1.win32_1.0.200.202406191623/tools/bin/../lib/gcc/arm-none-eabi/12.3.1/../../../../arm-none-eabi/lib/thumb/v7e-m+fp/hard\libc_nano.a(libc_a-fwalk.o)
                              C:/ST/STM32CubeIDE_1.16.1/STM32CubeIDE/plugins/com.st.stm32cube.ide.mcu.externaltools.gnu-tools-for-stm32.12.3.rel1.win32_1.0.200.202406191623/tools/bin/../lib/gcc/arm-none-eabi/12.3.1/../../../../arm-none-eabi/lib/thumb/v7e-m+fp/hard\libc_nano.a(libc_a-findfp.o) (_fwalk_sglue)
C:/ST/STM32CubeIDE_1.16.1/STM32CubeIDE/plugins/com.st.stm32cube.ide.mcu.externaltools.gnu-tools-for-stm32.12.3.rel1.win32_1.0.200.202406191623/tools/bin/../lib/gcc/arm-none-eabi/12.3.1/../../../../arm-none-eabi/lib/thumb/v7e-m+fp/hard\libc_nano.a(libc_a-stdio.o)
                              C:/ST/STM32CubeIDE_1.16.1/STM32CubeIDE/plugins/com.st.stm32cube.ide.mcu.externaltools.gnu-tools-for-stm32.12.3.rel1.win32_1.0.200.202406191623/tools/bin/../lib/gcc/arm-none-eabi/12.3.1/../../../../arm-none-eabi/lib/thumb/v7e-m+fp/hard\libc_nano.a(libc_a-findfp.o) (__sread)
C:/ST/STM32CubeIDE_1.16.1/STM32CubeIDE/plugins/com.st.stm32cube.ide.mcu.externaltools.gnu-tools-for-stm32.12.3.rel1.win32_1.0.200.202406191623/tools/bin/../lib/gcc/arm-none-eabi/12.3.1/../../../../arm-none-eabi/lib/thumb/v7e-m+fp/hard\libc_nano.a(libc_a-memset.o)
                              C:/ST/STM32CubeIDE_1.16.1/STM32CubeIDE/plugins/com.st.stm32cube.ide.mcu.externaltools.gnu-tools-for-stm32.12.3.rel1.win32_1.0.200.202406191623/tools/bin/../lib/gcc/arm-none-eabi/12.3.1/../../../../arm-none-eabi/lib/thumb/v7e-m+fp/hard/crt0.o (memset)
C:/ST/STM32CubeIDE_1.16.1/STM32CubeIDE/plugins/com.st.stm32cube.ide.mcu.externaltools.gnu-tools-for-stm32.12.3.rel1.win32_1.0.200.202406191623/tools/bin/../lib/gcc/arm-none-eabi/12.3.1/../../../../arm-none-eabi/lib/thumb/v7e-m+fp/hard\libc_nano.a(libc_a-closer.o)
                              C:/ST/STM32CubeIDE_1.16.1/STM32CubeIDE/plugins/com.st.stm32cube.ide.mcu.externaltools.gnu-tools-for-stm32.12.3.rel1.win32_1.0.200.202406191623/tools/bin/../lib/gcc/arm-none-eabi/12.3.1/../../../../arm-none-eabi/lib/thumb/v7e-m+fp/hard\libc_nano.a(libc_a-stdio.o) (_close_r)
C:/ST/STM32CubeIDE_1.16.1/STM32CubeIDE/plugins/com.st.stm32cube.ide.mcu.externaltools.gnu-tools-for-stm32.12.3.rel1.win32_1.0.200.202406191623/tools/bin/../lib/gcc/arm-none-eabi/12.3.1/../../../../arm-none-eabi/lib/thumb/v7e-m+fp/hard\libc_nano.a(libc_a-reent.o)
                              C:/ST/STM32CubeIDE_1.16.1/STM32CubeIDE/plugins/com.st.stm32cube.ide.mcu.externaltools.gnu-tools-for-stm32.12.3.rel1.win32_1.0.200.202406191623/tools/bin/../lib/gcc/arm-none-eabi/12.3.1/../../../../arm-none-eabi/lib/thumb/v7e-m+fp/hard\libc_nano.a(libc_a-closer.o) (errno)
C:/ST/STM32CubeIDE_1.16.1/STM32CubeIDE/plugins/com.st.stm32cube.ide.mcu.externaltools.gnu-tools-for-stm32.12.3.rel1.win32_1.0.200.202406191623/tools/bin/../lib/gcc/arm-none-eabi/12.3.1/../../../../arm-none-eabi/lib/thumb/v7e-m+fp/hard\libc_nano.a(libc_a-impure.o)
                              C:/ST/STM32CubeIDE_1.16.1/STM32CubeIDE/plugins/com.st.stm32cube.ide.mcu.externaltools.gnu-tools-for-stm32.12.3.rel1.win32_1.0.200.202406191623/tools/bin/../lib/gcc/arm-none-eabi/12.3.1/../../../../arm-none-eabi/lib/thumb/v7e-m+fp/hard\libc_nano.a(libc_a-reent.o) (_impure_ptr)
C:/ST/STM32CubeIDE_1.16.1/STM32CubeIDE/plugins/com.st.stm32cube.ide.mcu.externaltools.gnu-tools-for-stm32.12.3.rel1.win32_1.0.200.202406191623/tools/bin/../lib/gcc/arm-none-eabi/12.3.1/../../../../arm-none-eabi/lib/thumb/v7e-m+fp/hard\libc_nano.a(libc_a-lseekr.o)
[...]
Memory Configuration

Name             Origin             Length             Attributes
FLASH            0x08000000         0x00080000         xr
RAM              0x20000008         0x0002fff8         xrw
RAM_SHARED       0x20030000         0x00002800         xrw
*default*        0x00000000         0xffffffff

Linker script and memory map

LOAD C:/ST/STM32CubeIDE_1.16.1/STM32CubeIDE/plugins/com.st.stm32cube.ide.mcu.externaltools.gnu-tools-for-stm32.12.3.rel1.win32_1.0.200.202406191623/tools/bin/../lib/gcc/arm-none-eabi/12.3.1/thumb/v7e-m+fp/hard/crti.o
LOAD C:/ST/STM32CubeIDE_1.16.1/STM32CubeIDE/plugins/com.st.stm32cube.ide.mcu.externaltools.gnu-tools-for-stm32.12.3.rel1.win32_1.0.200.202406191623/tools/bin/../lib/gcc/arm-none-eabi/12.3.1/thumb/v7e-m+fp/hard/crtbegin.o
LOAD C:/ST/STM32CubeIDE_1.16.1/STM32CubeIDE/plugins/com.st.stm32cube.ide.mcu.externaltools.gnu-tools-for-stm32.12.3.rel1.win32_1.0.200.202406191623/tools/bin/../lib/gcc/arm-none-eabi/12.3.1/../../../../arm-none-eabi/lib/thumb/v7e-m+fp/hard/crt0.o
LOAD ./Core/Src/gpio.o
LOAD ./Core/Src/main.o
LOAD ./Core/Src/memorymap.o
LOAD ./Core/Src/stm32wbxx_it.o
LOAD ./Core/Src/syscalls.o
LOAD ./Core/Src/sysmem.o
LOAD ./Core/Src/system_stm32wbxx.o
LOAD ./Core/Src/usart.o
LOAD ./Core/Startup/startup_stm32wb55rgvx.o
LOAD ./Drivers/STM32WBxx_HAL_Driver/Src/stm32wbxx_ll_dma.o
LOAD ./Drivers/STM32WBxx_HAL_Driver/Src/stm32wbxx_ll_exti.o
LOAD ./Drivers/STM32WBxx_HAL_Driver/Src/stm32wbxx_ll_gpio.o
LOAD ./Drivers/STM32WBxx_HAL_Driver/Src/stm32wbxx_ll_pwr.o
LOAD ./Drivers/STM32WBxx_HAL_Driver/Src/stm32wbxx_ll_rcc.o
LOAD ./Drivers/STM32WBxx_HAL_Driver/Src/stm32wbxx_ll_usart.o
LOAD ./Drivers/STM32WBxx_HAL_Driver/Src/stm32wbxx_ll_utils.o
START GROUP
LOAD C:/ST/STM32CubeIDE_1.16.1/STM32CubeIDE/plugins/com.st.stm32cube.ide.mcu.externaltools.gnu-tools-for-stm32.12.3.rel1.win32_1.0.200.202406191623/tools/bin/../lib/gcc/arm-none-eabi/12.3.1/../../../../arm-none-eabi/lib/thumb/v7e-m+fp/hard\libc_nano.a
LOAD C:/ST/STM32CubeIDE_1.16.1/STM32CubeIDE/plugins/com.st.stm32cube.ide.mcu.externaltools.gnu-tools-for-stm32.12.3.rel1.win32_1.0.200.202406191623/tools/bin/../lib/gcc/arm-none-eabi/12.3.1/../../../../arm-none-eabi/lib/thumb/v7e-m+fp/hard\libm.a
END GROUP
START GROUP
LOAD C:/ST/STM32CubeIDE_1.16.1/STM32CubeIDE/plugins/com.st.stm32cube.ide.mcu.externaltools.gnu-tools-for-stm32.12.3.rel1.win32_1.0.200.202406191623/tools/bin/../lib/gcc/arm-none-eabi/12.3.1/thumb/v7e-m+fp/hard\libgcc.a
LOAD C:/ST/STM32CubeIDE_1.16.1/STM32CubeIDE/plugins/com.st.stm32cube.ide.mcu.externaltools.gnu-tools-for-stm32.12.3.rel1.win32_1.0.200.202406191623/tools/bin/../lib/gcc/arm-none-eabi/12.3.1/../../../../arm-none-eabi/lib/thumb/v7e-m+fp/hard\libc_nano.a
END GROUP
START GROUP
LOAD C:/ST/STM32CubeIDE_1.16.1/STM32CubeIDE/plugins/com.st.stm32cube.ide.mcu.externaltools.gnu-tools-for-stm32.12.3.rel1.win32_1.0.200.202406191623/tools/bin/../lib/gcc/arm-none-eabi/12.3.1/thumb/v7e-m+fp/hard\libgcc.a
LOAD C:/ST/STM32CubeIDE_1.16.1/STM32CubeIDE/plugins/com.st.stm32cube.ide.mcu.externaltools.gnu-tools-for-stm32.12.3.rel1.win32_1.0.200.202406191623/tools/bin/../lib/gcc/arm-none-eabi/12.3.1/../../../../arm-none-eabi/lib/thumb/v7e-m+fp/hard\libc_nano.a
LOAD C:/ST/STM32CubeIDE_1.16.1/STM32CubeIDE/plugins/com.st.stm32cube.ide.mcu.externaltools.gnu-tools-for-stm32.12.3.rel1.win32_1.0.200.202406191623/tools/bin/../lib/gcc/arm-none-eabi/12.3.1/../../../../arm-none-eabi/lib/thumb/v7e-m+fp/hard\libnosys.a
END GROUP
START GROUP
LOAD C:/ST/STM32CubeIDE_1.16.1/STM32CubeIDE/plugins/com.st.stm32cube.ide.mcu.externaltools.gnu-tools-for-stm32.12.3.rel1.win32_1.0.200.202406191623/tools/bin/../lib/gcc/arm-none-eabi/12.3.1/thumb/v7e-m+fp/hard\libgcc.a
LOAD C:/ST/STM32CubeIDE_1.16.1/STM32CubeIDE/plugins/com.st.stm32cube.ide.mcu.externaltools.gnu-tools-for-stm32.12.3.rel1.win32_1.0.200.202406191623/tools/bin/../lib/gcc/arm-none-eabi/12.3.1/../../../../arm-none-eabi/lib/thumb/v7e-m+fp/hard\libc_nano.a
LOAD C:/ST/STM32CubeIDE_1.16.1/STM32CubeIDE/plugins/com.st.stm32cube.ide.mcu.externaltools.gnu-tools-for-stm32.12.3.rel1.win32_1.0.200.202406191623/tools/bin/../lib/gcc/arm-none-eabi/12.3.1/../../../../arm-none-eabi/lib/thumb/v7e-m+fp/hard\libnosys.a
END GROUP
LOAD C:/ST/STM32CubeIDE_1.16.1/STM32CubeIDE/plugins/com.st.stm32cube.ide.mcu.externaltools.gnu-tools-for-stm32.12.3.rel1.win32_1.0.200.202406191623/tools/bin/../lib/gcc/arm-none-eabi/12.3.1/thumb/v7e-m+fp/hard/crtend.o
LOAD C:/ST/STM32CubeIDE_1.16.1/STM32CubeIDE/plugins/com.st.stm32cube.ide.mcu.externaltools.gnu-tools-for-stm32.12.3.rel1.win32_1.0.200.202406191623/tools/bin/../lib/gcc/arm-none-eabi/12.3.1/thumb/v7e-m+fp/hard/crtn.o
                0x20030000                        _estack = (ORIGIN (RAM) + LENGTH (RAM))
                0x00000200                        _Min_Heap_Size = 0x200
                0x00000400                        _Min_Stack_Size = 0x400

.isr_vector     0x08000000      0x13c
                0x08000000                        . = ALIGN (0x4)
 *(.isr_vector)
 .isr_vector    0x08000000      0x13c ./Core/Startup/startup_stm32wb55rgvx.o
                0x08000000                g_pfnVectors
                0x0800013c                        . = ALIGN (0x4)

.text           0x0800013c     0x1838
                0x0800013c                        . = ALIGN (0x4)
 *(.text)
 .text          0x0800013c       0x40 C:/ST/STM32CubeIDE_1.16.1/STM32CubeIDE/plugins/com.st.stm32cube.ide.mcu.externaltools.gnu-tools-for-stm32.12.3.rel1.win32_1.0.200.202406191623/tools/bin/../lib/gcc/arm-none-eabi/12.3.1/thumb/v7e-m+fp/hard/crtbegin.o
 *(.text*)
 .text.LL_AHB2_GRP1_EnableClock
                0x0800017c       0x32 ./Core/Src/gpio.o
 .text.MX_GPIO_Init
                0x080001ae       0x1a ./Core/Src/gpio.o
                0x080001ae                MX_GPIO_Init
 .text.__NVIC_SetPriorityGrouping
                0x080001c8       0x48 ./Core/Src/main.o
 .text.__NVIC_GetPriorityGrouping
                0x08000210       0x1c ./Core/Src/main.o
 .text.__NVIC_SetPriority
                0x0800022c       0x54 ./Core/Src/main.o
 .text.NVIC_EncodePriority
                0x08000280       0x66 ./Core/Src/main.o
 .text.LL_RCC_HSE_Enable
                0x080002e6       0x1e ./Core/Src/main.o
 .text.LL_RCC_HSE_IsReady
                0x08000304       0x24 ./Core/Src/main.o
 .text.LL_RCC_HSI_Enable
                0x08000328       0x1e ./Core/Src/main.o
 .text.LL_RCC_HSI_IsReady
                0x08000346       0x24 ./Core/Src/main.o
 .text.LL_RCC_SetSysClkSource
                0x0800036a       0x28 ./Core/Src/main.o
 .text.LL_RCC_GetSysClkSource
                0x08000392       0x18 ./Core/Src/main.o
 .text.LL_RCC_SetRFWKPClockSource
                0x080003aa       0x2c ./Core/Src/main.o
 .text.LL_RCC_SetAHBPrescaler
                0x080003d6       0x28 ./Core/Src/main.o
 .text.LL_C2_RCC_SetAHBPrescaler
                0x080003fe       0x2c ./Core/Src/main.o
 .text.LL_RCC_SetAHB4Prescaler
                0x0800042a       0x2e ./Core/Src/main.o
 .text.LL_RCC_SetAPB1Prescaler
                0x08000458       0x28 ./Core/Src/main.o
 .text.LL_RCC_SetAPB2Prescaler
                0x08000480       0x28 ./Core/Src/main.o
 .text.LL_RCC_SetSMPSClockSource
                0x080004a8       0x28 ./Core/Src/main.o
 .text.LL_RCC_SetSMPSPrescaler
                0x080004d0       0x28 ./Core/Src/main.o
 .text.LL_RCC_PLL_Enable
                0x080004f8       0x1e ./Core/Src/main.o
 .text.LL_RCC_PLL_IsReady
                0x08000516       0x24 ./Core/Src/main.o
 *fill*         0x0800053a        0x2 
 .text.LL_RCC_PLL_ConfigDomain_SYS
                0x0800053c       0x40 ./Core/Src/main.o
 .text.LL_RCC_PLL_EnableDomain_SYS
                0x0800057c       0x1e ./Core/Src/main.o
 *fill*         0x0800059a        0x2 
 .text.LL_FLASH_SetLatency
                0x0800059c       0x28 ./Core/Src/main.o
 .text.LL_FLASH_GetLatency
                0x080005c4       0x1c ./Core/Src/main.o
 .text.main     0x080005e0       0x3a ./Core/Src/main.o
                0x080005e0                main
 *fill*         0x0800061a        0x2 
 .text.SystemClock_Config
                0x0800061c       0x9c ./Core/Src/main.o
                0x0800061c                SystemClock_Config
 .text.PeriphCommonClock_Config
                0x080006b8       0x1a ./Core/Src/main.o
                0x080006b8                PeriphCommonClock_Config
 .text.assert_failed
                0x080006d2       0x16 ./Core/Src/main.o
                0x080006d2                assert_failed
 .text.NMI_Handler
                0x080006e8        0x8 ./Core/Src/stm32wbxx_it.o
                0x080006e8                NMI_Handler
 .text.HardFault_Handler
                0x080006f0        0x8 ./Core/Src/stm32wbxx_it.o
                0x080006f0                HardFault_Handler
 .text.MemManage_Handler
                0x080006f8        0x8 ./Core/Src/stm32wbxx_it.o
                0x080006f8                MemManage_Handler
 .text.BusFault_Handler
                0x08000700        0x8 ./Core/Src/stm32wbxx_it.o
                0x08000700                BusFault_Handler
 .text.UsageFault_Handler
                0x08000708        0x8 ./Core/Src/stm32wbxx_it.o
                0x08000708                UsageFault_Handler
 .text.SVC_Handler
                0x08000710        0xe ./Core/Src/stm32wbxx_it.o
                0x08000710                SVC_Handler
 .text.DebugMon_Handler
                0x0800071e        0xe ./Core/Src/stm32wbxx_it.o
                0x0800071e                DebugMon_Handler
 .text.PendSV_Handler
                0x0800072c        0xe ./Core/Src/stm32wbxx_it.o
                0x0800072c                PendSV_Handler
 .text.SysTick_Handler
                0x0800073a        0xe ./Core/Src/stm32wbxx_it.o
                0x0800073a                SysTick_Handler
 .text.USART1_IRQHandler
                0x08000748        0xe ./Core/Src/stm32wbxx_it.o
                0x08000748                USART1_IRQHandler
 *fill*         0x08000756        0x2 
 .text.SystemInit
                0x08000758       0xa4 ./Core/Src/system_stm32wbxx.o
                0x08000758                SystemInit
 .text.__NVIC_GetPriorityGrouping
                0x080007fc       0x1c ./Core/Src/usart.o
 .text.__NVIC_EnableIRQ
                0x08000818       0x3c ./Core/Src/usart.o
 .text.__NVIC_SetPriority
                0x08000854       0x54 ./Core/Src/usart.o
 .text.NVIC_EncodePriority
                0x080008a8       0x66 ./Core/Src/usart.o
 .text.LL_RCC_SetUSARTClockSource
                0x0800090e       0x2c ./Core/Src/usart.o
 .text.LL_AHB2_GRP1_EnableClock
                0x0800093a       0x32 ./Core/Src/usart.o
 .text.LL_APB2_GRP1_EnableClock
                0x0800096c       0x32 ./Core/Src/usart.o
 .text.LL_USART_Enable
                0x0800099e       0x20 ./Core/Src/usart.o
 .text.LL_USART_DisableFIFO
                0x080009be       0x20 ./Core/Src/usart.o
 .text.LL_USART_SetTXFIFOThreshold
                0x080009de       0x4e ./Core/Src/usart.o
 .text.LL_USART_SetRXFIFOThreshold
                0x08000a2c       0x4e ./Core/Src/usart.o
 .text.LL_USART_ConfigAsyncMode
                0x08000a7a       0x2c ./Core/Src/usart.o
 .text.LL_USART_IsActiveFlag_TEACK
                0x08000aa6       0x28 ./Core/Src/usart.o
 .text.LL_USART_IsActiveFlag_REACK
                0x08000ace       0x28 ./Core/Src/usart.o
 *fill*         0x08000af6        0x2 
 .text.MX_USART1_UART_Init
                0x08000af8       0xf8 ./Core/Src/usart.o
                0x08000af8                MX_USART1_UART_Init
 .text.data_initializers
                0x08000bf0       0x18 ./Core/Startup/startup_stm32wb55rgvx.o
 .text.Reset_Handler
                0x08000c08       0x58 ./Core/Startup/startup_stm32wb55rgvx.o
                0x08000c08                Reset_Handler
 .text.Default_Handler
                0x08000c60        0x2 ./Core/Startup/startup_stm32wb55rgvx.o
                0x08000c60                RTC_Alarm_IRQHandler
                0x08000c60                EXTI2_IRQHandler
                0x08000c60                TIM1_CC_IRQHandler
                0x08000c60                TSC_IRQHandler
                0x08000c60                USB_HP_IRQHandler
                0x08000c60                EXTI3_IRQHandler
                0x08000c60                LPTIM2_IRQHandler
                0x08000c60                I2C3_ER_IRQHandler
                0x08000c60                EXTI0_IRQHandler
                0x08000c60                FPU_IRQHandler
                0x08000c60                TIM1_UP_TIM16_IRQHandler
                0x08000c60                AES1_IRQHandler
                0x08000c60                SPI1_IRQHandler
                0x08000c60                PWR_SOTF_BLEACT_802ACT_RFPHASE_IRQHandler
                0x08000c60                DMA2_Channel2_IRQHandler
                0x08000c60                DMA1_Channel4_IRQHandler
                0x08000c60                ADC1_IRQHandler
                0x08000c60                PKA_IRQHandler
                0x08000c60                DMA1_Channel7_IRQHandler
                0x08000c60                LCD_IRQHandler
                0x08000c60                IPCC_C1_TX_IRQHandler
                0x08000c60                DMA2_Channel1_IRQHandler
                0x08000c60                QUADSPI_IRQHandler
                0x08000c60                I2C1_EV_IRQHandler
                0x08000c60                DMAMUX1_OVR_IRQHandler
                0x08000c60                DMA1_Channel6_IRQHandler
                0x08000c60                DMA2_Channel4_IRQHandler
                0x08000c60                RCC_IRQHandler
                0x08000c60                DMA1_Channel1_IRQHandler
                0x08000c60                Default_Handler
                0x08000c60                DMA2_Channel7_IRQHandler
                0x08000c60                EXTI15_10_IRQHandler
                0x08000c60                IPCC_C1_RX_IRQHandler
                0x08000c60                C2SEV_PWR_C2H_IRQHandler
                0x08000c60                AES2_IRQHandler
                0x08000c60                I2C3_EV_IRQHandler
                0x08000c60                EXTI9_5_IRQHandler
                0x08000c60                RTC_WKUP_IRQHandler
                0x08000c60                PVD_PVM_IRQHandler
                0x08000c60                SPI2_IRQHandler
                0x08000c60                DMA2_Channel5_IRQHandler
                0x08000c60                CRS_IRQHandler
                0x08000c60                DMA1_Channel5_IRQHandler
                0x08000c60                USB_LP_IRQHandler
                0x08000c60                EXTI4_IRQHandler
                0x08000c60                RNG_IRQHandler
                0x08000c60                TIM1_TRG_COM_TIM17_IRQHandler
                0x08000c60                TAMP_STAMP_LSECSS_IRQHandler
                0x08000c60                DMA1_Channel3_IRQHandler
                0x08000c60                COMP_IRQHandler
                0x08000c60                HSEM_IRQHandler
                0x08000c60                WWDG_IRQHandler
                0x08000c60                LPUART1_IRQHandler
                0x08000c60                DMA2_Channel6_IRQHandler
                0x08000c60                TIM2_IRQHandler
                0x08000c60                TIM1_BRK_IRQHandler
                0x08000c60                EXTI1_IRQHandler
                0x08000c60                DMA1_Channel2_IRQHandler
                0x08000c60                FLASH_IRQHandler
                0x08000c60                I2C1_ER_IRQHandler
                0x08000c60                LPTIM1_IRQHandler
                0x08000c60                SAI1_IRQHandler
                0x08000c60                DMA2_Channel3_IRQHandler
 .text.LL_GPIO_SetPinMode
                0x08000c62       0x7a ./Drivers/STM32WBxx_HAL_Driver/Src/stm32wbxx_ll_gpio.o
 .text.LL_GPIO_SetPinOutputType
                0x08000cdc       0x30 ./Drivers/STM32WBxx_HAL_Driver/Src/stm32wbxx_ll_gpio.o
 .text.LL_GPIO_SetPinSpeed
                0x08000d0c       0x7a ./Drivers/STM32WBxx_HAL_Driver/Src/stm32wbxx_ll_gpio.o
 .text.LL_GPIO_SetPinPull
                0x08000d86       0x7a ./Drivers/STM32WBxx_HAL_Driver/Src/stm32wbxx_ll_gpio.o
 .text.LL_GPIO_SetAFPin_0_7
                0x08000e00       0x7a ./Drivers/STM32WBxx_HAL_Driver/Src/stm32wbxx_ll_gpio.o
 .text.LL_GPIO_SetAFPin_8_15
                0x08000e7a       0x7e ./Drivers/STM32WBxx_HAL_Driver/Src/stm32wbxx_ll_gpio.o
 .text.LL_GPIO_Init
                0x08000ef8      0x278 ./Drivers/STM32WBxx_HAL_Driver/Src/stm32wbxx_ll_gpio.o
                0x08000ef8                LL_GPIO_Init
 .text.LL_RCC_HSE_IsEnabledDiv2
                0x08001170       0x24 ./Drivers/STM32WBxx_HAL_Driver/Src/stm32wbxx_ll_rcc.o
 .text.LL_RCC_HSI_IsReady
                0x08001194       0x24 ./Drivers/STM32WBxx_HAL_Driver/Src/stm32wbxx_ll_rcc.o
 .text.LL_RCC_LSE_IsReady
                0x080011b8       0x24 ./Drivers/STM32WBxx_HAL_Driver/Src/stm32wbxx_ll_rcc.o
 .text.LL_RCC_MSI_GetRange
                0x080011dc       0x2a ./Drivers/STM32WBxx_HAL_Driver/Src/stm32wbxx_ll_rcc.o
 .text.LL_RCC_GetSysClkSource
                0x08001206       0x18 ./Drivers/STM32WBxx_HAL_Driver/Src/stm32wbxx_ll_rcc.o
 .text.LL_RCC_GetAHBPrescaler
                0x0800121e       0x18 ./Drivers/STM32WBxx_HAL_Driver/Src/stm32wbxx_ll_rcc.o
 .text.LL_RCC_GetAPB2Prescaler
                0x08001236       0x18 ./Drivers/STM32WBxx_HAL_Driver/Src/stm32wbxx_ll_rcc.o
 .text.LL_RCC_GetUSARTClockSource
                0x0800124e       0x20 ./Drivers/STM32WBxx_HAL_Driver/Src/stm32wbxx_ll_rcc.o
 .text.LL_RCC_PLL_GetN
                0x0800126e       0x1a ./Drivers/STM32WBxx_HAL_Driver/Src/stm32wbxx_ll_rcc.o
 .text.LL_RCC_PLL_GetR
                0x08001288       0x18 ./Drivers/STM32WBxx_HAL_Driver/Src/stm32wbxx_ll_rcc.o
 .text.LL_RCC_PLL_GetDivider
                0x080012a0       0x18 ./Drivers/STM32WBxx_HAL_Driver/Src/stm32wbxx_ll_rcc.o
 .text.LL_RCC_PLL_GetMainSource
                0x080012b8       0x18 ./Drivers/STM32WBxx_HAL_Driver/Src/stm32wbxx_ll_rcc.o
 .text.LL_RCC_GetUSARTClockFreq
                0x080012d0       0x90 ./Drivers/STM32WBxx_HAL_Driver/Src/stm32wbxx_ll_rcc.o
                0x080012d0                LL_RCC_GetUSARTClockFreq
 .text.RCC_GetSystemClockFreq
                0x08001360       0xb4 ./Drivers/STM32WBxx_HAL_Driver/Src/stm32wbxx_ll_rcc.o
 .text.RCC_GetHCLK1ClockFreq
                0x08001414       0x2c ./Drivers/STM32WBxx_HAL_Driver/Src/stm32wbxx_ll_rcc.o
 .text.RCC_GetPCLK2ClockFreq
                0x08001440       0x30 ./Drivers/STM32WBxx_HAL_Driver/Src/stm32wbxx_ll_rcc.o
 .text.RCC_PLL_GetFreqDomain_SYS
                0x08001470       0xac ./Drivers/STM32WBxx_HAL_Driver/Src/stm32wbxx_ll_rcc.o
 .text.LL_USART_IsEnabled
                0x0800151c       0x26 ./Drivers/STM32WBxx_HAL_Driver/Src/stm32wbxx_ll_usart.o
 .text.LL_USART_SetPrescaler
                0x08001542       0x28 ./Drivers/STM32WBxx_HAL_Driver/Src/stm32wbxx_ll_usart.o
 .text.LL_USART_SetStopBitsLength
                0x0800156a       0x26 ./Drivers/STM32WBxx_HAL_Driver/Src/stm32wbxx_ll_usart.o
 .text.LL_USART_SetHWFlowCtrl
                0x08001590       0x26 ./Drivers/STM32WBxx_HAL_Driver/Src/stm32wbxx_ll_usart.o
 *fill*         0x080015b6        0x2 
 .text.LL_USART_SetBaudRate
                0x080015b8       0xa0 ./Drivers/STM32WBxx_HAL_Driver/Src/stm32wbxx_ll_usart.o
 .text.LL_USART_Init
                0x08001658      0x23c ./Drivers/STM32WBxx_HAL_Driver/Src/stm32wbxx_ll_usart.o
                0x08001658                LL_USART_Init
 .text.LL_InitTick
                0x08001894       0x34 ./Drivers/STM32WBxx_HAL_Driver/Src/stm32wbxx_ll_utils.o
 .text.LL_Init1msTick
                0x080018c8       0x1a ./Drivers/STM32WBxx_HAL_Driver/Src/stm32wbxx_ll_utils.o
                0x080018c8                LL_Init1msTick
 *fill*         0x080018e2        0x2 
 .text.LL_SetSystemCoreClock
                0x080018e4       0x20 ./Drivers/STM32WBxx_HAL_Driver/Src/stm32wbxx_ll_utils.o
                0x080018e4                LL_SetSystemCoreClock
 .text.memset   0x08001904       0x10 C:/ST/STM32CubeIDE_1.16.1/STM32CubeIDE/plugins/com.st.stm32cube.ide.mcu.externaltools.gnu-tools-for-stm32.12.3.rel1.win32_1.0.200.202406191623/tools/bin/../lib/gcc/arm-none-eabi/12.3.1/../../../../arm-none-eabi/lib/thumb/v7e-m+fp/hard\libc_nano.a(libc_a-memset.o)
                0x08001904                memset
 .text.__libc_init_array
                0x08001914       0x48 C:/ST/STM32CubeIDE_1.16.1/STM32CubeIDE/plugins/com.st.stm32cube.ide.mcu.externaltools.gnu-tools-for-stm32.12.3.rel1.win32_1.0.200.202406191623/tools/bin/../lib/gcc/arm-none-eabi/12.3.1/../../../../arm-none-eabi/lib/thumb/v7e-m+fp/hard\libc_nano.a(libc_a-init.o)
                0x08001914                __libc_init_array
 *(.glue_7)
 .glue_7        0x0800195c        0x0 linker stubs
 *(.glue_7t)
 .glue_7t       0x0800195c        0x0 linker stubs
 *(.eh_frame)
 .eh_frame      0x0800195c        0x0 C:/ST/STM32CubeIDE_1.16.1/STM32CubeIDE/plugins/com.st.stm32cube.ide.mcu.externaltools.gnu-tools-for-stm32.12.3.rel1.win32_1.0.200.202406191623/tools/bin/../lib/gcc/arm-none-eabi/12.3.1/thumb/v7e-m+fp/hard/crtbegin.o
 *(.init)
 .init          0x0800195c        0x4 C:/ST/STM32CubeIDE_1.16.1/STM32CubeIDE/plugins/com.st.stm32cube.ide.mcu.externaltools.gnu-tools-for-stm32.12.3.rel1.win32_1.0.200.202406191623/tools/bin/../lib/gcc/arm-none-eabi/12.3.1/thumb/v7e-m+fp/hard/crti.o
                0x0800195c                _init
 .init          0x08001960        0x8 C:/ST/STM32CubeIDE_1.16.1/STM32CubeIDE/plugins/com.st.stm32cube.ide.mcu.externaltools.gnu-tools-for-stm32.12.3.rel1.win32_1.0.200.202406191623/tools/bin/../lib/gcc/arm-none-eabi/12.3.1/thumb/v7e-m+fp/hard/crtn.o
 *(.fini)
 .fini          0x08001968        0x4 C:/ST/STM32CubeIDE_1.16.1/STM32CubeIDE/plugins/com.st.stm32cube.ide.mcu.externaltools.gnu-tools-for-stm32.12.3.rel1.win32_1.0.200.202406191623/tools/bin/../lib/gcc/arm-none-eabi/12.3.1/thumb/v7e-m+fp/hard/crti.o
                0x08001968                _fini
 .fini          0x0800196c        0x8 C:/ST/STM32CubeIDE_1.16.1/STM32CubeIDE/plugins/com.st.stm32cube.ide.mcu.externaltools.gnu-tools-for-stm32.12.3.rel1.win32_1.0.200.202406191623/tools/bin/../lib/gcc/arm-none-eabi/12.3.1/thumb/v7e-m+fp/hard/crtn.o
                0x08001974                        . = ALIGN (0x4)
                0x08001974                        _etext = .

.vfp11_veneer   0x08001974        0x0
 .vfp11_veneer  0x08001974        0x0 linker stubs

.v4_bx          0x08001974        0x0
 .v4_bx         0x08001974        0x0 linker stubs

.iplt           0x08001974        0x0
 .iplt          0x08001974        0x0 C:/ST/STM32CubeIDE_1.16.1/STM32CubeIDE/plugins/com.st.stm32cube.ide.mcu.externaltools.gnu-tools-for-stm32.12.3.rel1.win32_1.0.200.202406191623/tools/bin/../lib/gcc/arm-none-eabi/12.3.1/thumb/v7e-m+fp/hard/crtbegin.o

.rodata         0x08001974      0x17c
                0x08001974                        . = ALIGN (0x4)
 *(.rodata)
 .rodata        0x08001974       0x38 ./Drivers/STM32WBxx_HAL_Driver/Src/stm32wbxx_ll_gpio.o
 .rodata        0x080019ac       0x37 ./Drivers/STM32WBxx_HAL_Driver/Src/stm32wbxx_ll_rcc.o
 *fill*         0x080019e3        0x1 
 .rodata        0x080019e4       0x39 ./Drivers/STM32WBxx_HAL_Driver/Src/stm32wbxx_ll_usart.o
 *(.rodata*)
 *fill*         0x08001a1d        0x3 
 .rodata.AHBPrescTable
                0x08001a20       0x40 ./Core/Src/system_stm32wbxx.o
                0x08001a20                AHBPrescTable
 .rodata.APBPrescTable
                0x08001a60       0x20 ./Core/Src/system_stm32wbxx.o
                0x08001a60                APBPrescTable
 .rodata.MSIRangeTable
                0x08001a80       0x40 ./Core/Src/system_stm32wbxx.o
                0x08001a80                MSIRangeTable
 .rodata.USART_PRESCALER_TAB
                0x08001ac0       0x30 ./Drivers/STM32WBxx_HAL_Driver/Src/stm32wbxx_ll_usart.o
                0x08001af0                        . = ALIGN (0x4)

.ARM.extab
 *(.ARM.extab* .gnu.linkonce.armextab.*)

.ARM            0x08001af0        0x0
                0x08001af0                        __exidx_start = .
 *(.ARM.exidx*)
                0x08001af0                        __exidx_end = .

.preinit_array  0x08001af0        0x0
                0x08001af0                        PROVIDE (__preinit_array_start = .)
 *(.preinit_array*)
                0x08001af0                        PROVIDE (__preinit_array_end = .)

.init_array     0x08001af0        0x4
                0x08001af0                        PROVIDE (__init_array_start = .)
 *(SORT_BY_NAME(.init_array.*))
 *(.init_array*)
 .init_array    0x08001af0        0x4 C:/ST/STM32CubeIDE_1.16.1/STM32CubeIDE/plugins/com.st.stm32cube.ide.mcu.externaltools.gnu-tools-for-stm32.12.3.rel1.win32_1.0.200.202406191623/tools/bin/../lib/gcc/arm-none-eabi/12.3.1/thumb/v7e-m+fp/hard/crtbegin.o
                0x08001af4                        PROVIDE (__init_array_end = .)

.fini_array     0x08001af4        0x4
                [!provide]                        PROVIDE (__fini_array_start = .)
 *(SORT_BY_NAME(.fini_array.*))
 *(.fini_array*)
 .fini_array    0x08001af4        0x4 C:/ST/STM32CubeIDE_1.16.1/STM32CubeIDE/plugins/com.st.stm32cube.ide.mcu.externaltools.gnu-tools-for-stm32.12.3.rel1.win32_1.0.200.202406191623/tools/bin/../lib/gcc/arm-none-eabi/12.3.1/thumb/v7e-m+fp/hard/crtbegin.o
                [!provide]                        PROVIDE (__fini_array_end = .)
                0x08001af8                        _sidata = LOADADDR (.data)

.rel.dyn        0x08001af8        0x0
 .rel.iplt      0x08001af8        0x0 C:/ST/STM32CubeIDE_1.16.1/STM32CubeIDE/plugins/com.st.stm32cube.ide.mcu.externaltools.gnu-tools-for-stm32.12.3.rel1.win32_1.0.200.202406191623/tools/bin/../lib/gcc/arm-none-eabi/12.3.1/thumb/v7e-m+fp/hard/crtbegin.o

.data           0x20000008        0x4 load address 0x08001af8
                0x20000008                        . = ALIGN (0x4)
                0x20000008                        _sdata = .
 *(.data)
 *(.data*)
 .data.SystemCoreClock
                0x20000008        0x4 ./Core/Src/system_stm32wbxx.o
                0x20000008                SystemCoreClock
 *(.RamFunc)
 *(.RamFunc*)
                0x2000000c                        . = ALIGN (0x4)
                0x2000000c                        _edata = .

.igot.plt       0x2000000c        0x0 load address 0x08001afc
 .igot.plt      0x2000000c        0x0 C:/ST/STM32CubeIDE_1.16.1/STM32CubeIDE/plugins/com.st.stm32cube.ide.mcu.externaltools.gnu-tools-for-stm32.12.3.rel1.win32_1.0.200.202406191623/tools/bin/../lib/gcc/arm-none-eabi/12.3.1/thumb/v7e-m+fp/hard/crtbegin.o
                0x2000000c                        . = ALIGN (0x4)

.bss            0x2000000c       0x1c load address 0x08001afc
                0x2000000c                        _sbss = .
                0x2000000c                        __bss_start__ = _sbss
 *(.bss)
 .bss           0x2000000c       0x1c C:/ST/STM32CubeIDE_1.16.1/STM32CubeIDE/plugins/com.st.stm32cube.ide.mcu.externaltools.gnu-tools-for-stm32.12.3.rel1.win32_1.0.200.202406191623/tools/bin/../lib/gcc/arm-none-eabi/12.3.1/thumb/v7e-m+fp/hard/crtbegin.o
 *(.bss*)
 *(COMMON)
                0x20000028                        . = ALIGN (0x4)
                0x20000028                        _ebss = .
                0x20000028                        __bss_end__ = _ebss

._user_heap_stack
                0x20000028      0x600 load address 0x08001afc
                0x20000028                        . = ALIGN (0x8)
                [!provide]                        PROVIDE (end = .)
                0x20000028                        PROVIDE (_end = .)
                0x20000228                        . = (. + _Min_Heap_Size)
 *fill*         0x20000028      0x200 
                0x20000628                        . = (. + _Min_Stack_Size)
 *fill*         0x20000228      0x400 
                0x20000628                        . = ALIGN (0x8)

/DISCARD/
 libc.a(*)
 libm.a(*)
 libgcc.a(*)

.ARM.attributes
                0x00000000       0x30
 *(.ARM.attributes)
 .ARM.attributes
                0x00000000       0x22 C:/ST/STM32CubeIDE_1.16.1/STM32CubeIDE/plugins/com.st.stm32cube.ide.mcu.externaltools.gnu-tools-for-stm32.12.3.rel1.win32_1.0.200.202406191623/tools/bin/../lib/gcc/arm-none-eabi/12.3.1/thumb/v7e-m+fp/hard/crti.o
 .ARM.attributes
                0x00000022       0x34 C:/ST/STM32CubeIDE_1.16.1/STM32CubeIDE/plugins/com.st.stm32cube.ide.mcu.externaltools.gnu-tools-for-stm32.12.3.rel1.win32_1.0.200.202406191623/tools/bin/../lib/gcc/arm-none-eabi/12.3.1/thumb/v7e-m+fp/hard/crtbegin.o
 .ARM.attributes
                0x00000056       0x34 ./Core/Src/gpio.o
 .ARM.attributes
                0x0000008a       0x34 ./Core/Src/main.o
 .ARM.attributes
                0x000000be       0x34 ./Core/Src/stm32wbxx_it.o
 .ARM.attributes
                0x000000f2       0x34 ./Core/Src/system_stm32wbxx.o
 .ARM.attributes
                0x00000126       0x34 ./Core/Src/usart.o
 .ARM.attributes
                0x0000015a       0x21 ./Core/Startup/startup_stm32wb55rgvx.o
 .ARM.attributes
                0x0000017b       0x34 ./Drivers/STM32WBxx_HAL_Driver/Src/stm32wbxx_ll_gpio.o
 .ARM.attributes
                0x000001af       0x34 ./Drivers/STM32WBxx_HAL_Driver/Src/stm32wbxx_ll_rcc.o
 .ARM.attributes
                0x000001e3       0x34 ./Drivers/STM32WBxx_HAL_Driver/Src/stm32wbxx_ll_usart.o
 .ARM.attributes
                0x00000217       0x34 ./Drivers/STM32WBxx_HAL_Driver/Src/stm32wbxx_ll_utils.o
 .ARM.attributes
                0x0000024b       0x34 C:/ST/STM32CubeIDE_1.16.1/STM32CubeIDE/plugins/com.st.stm32cube.ide.mcu.externaltools.gnu-tools-for-stm32.12.3.rel1.win32_1.0.200.202406191623/tools/bin/../lib/gcc/arm-none-eabi/12.3.1/../../../../arm-none-eabi/lib/thumb/v7e-m+fp/hard\libc_nano.a(libc_a-memset.o)
 .ARM.attributes
                0x0000027f       0x34 C:/ST/STM32CubeIDE_1.16.1/STM32CubeIDE/plugins/com.st.stm32cube.ide.mcu.externaltools.gnu-tools-for-stm32.12.3.rel1.win32_1.0.200.202406191623/tools/bin/../lib/gcc/arm-none-eabi/12.3.1/../../../../arm-none-eabi/lib/thumb/v7e-m+fp/hard\libc_nano.a(libc_a-init.o)
 .ARM.attributes
                0x000002b3       0x22 C:/ST/STM32CubeIDE_1.16.1/STM32CubeIDE/plugins/com.st.stm32cube.ide.mcu.externaltools.gnu-tools-for-stm32.12.3.rel1.win32_1.0.200.202406191623/tools/bin/../lib/gcc/arm-none-eabi/12.3.1/thumb/v7e-m+fp/hard/crtn.o

MAPPING_TABLE
 *(MAPPING_TABLE)

MB_MEM1
 *(MB_MEM1)
                0x08001afc                        _siMB_MEM2 = LOADADDR (.MB_MEM2)

.MB_MEM2        0x20030000        0x0 load address 0x08001afc
                0x20030000                        _sMB_MEM2 = .
 *(MB_MEM2)
                0x20030000                        _eMB_MEM2 = .
OUTPUT(Project_T1.elf elf32-littlearm)
LOAD linker stubs
LOAD C:/ST/STM32CubeIDE_1.16.1/STM32CubeIDE/plugins/com.st.stm32cube.ide.mcu.externaltools.gnu-tools-for-stm32.12.3.rel1.win32_1.0.200.202406191623/tools/bin/../lib/gcc/arm-none-eabi/12.3.1/../../../../arm-none-eabi/lib/thumb/v7e-m+fp/hard\libc.a
LOAD C:/ST/STM32CubeIDE_1.16.1/STM32CubeIDE/plugins/com.st.stm32cube.ide.mcu.externaltools.gnu-tools-for-stm32.12.3.rel1.win32_1.0.200.202406191623/tools/bin/../lib/gcc/arm-none-eabi/12.3.1/../../../../arm-none-eabi/lib/thumb/v7e-m+fp/hard\libm.a
LOAD C:/ST/STM32CubeIDE_1.16.1/STM32CubeIDE/plugins/com.st.stm32cube.ide.mcu.externaltools.gnu-tools-for-stm32.12.3.rel1.win32_1.0.200.202406191623/tools/bin/../lib/gcc/arm-none-eabi/12.3.1/thumb/v7e-m+fp/hard\libgcc.a

.debug_info     0x00000000     0x5e63
 .debug_info    0x00000000      0x40e ./Core/Src/gpio.o
 .debug_info    0x0000040e      0xef8 ./Core/Src/main.o
 .debug_info    0x00001306      0x155 ./Core/Src/stm32wbxx_it.o
 .debug_info    0x0000145b      0x6fc ./Core/Src/system_stm32wbxx.o
 .debug_info    0x00001b57     0x1007 ./Core/Src/usart.o
 .debug_info    0x00002b5e       0x30 ./Core/Startup/startup_stm32wb55rgvx.o
 .debug_info    0x00002b8e      0xaca ./Drivers/STM32WBxx_HAL_Driver/Src/stm32wbxx_ll_gpio.o
 .debug_info    0x00003658     0x1039 ./Drivers/STM32WBxx_HAL_Driver/Src/stm32wbxx_ll_rcc.o
 .debug_info    0x00004691      0x892 ./Drivers/STM32WBxx_HAL_Driver/Src/stm32wbxx_ll_usart.o
 .debug_info    0x00004f23      0xf40 ./Drivers/STM32WBxx_HAL_Driver/Src/stm32wbxx_ll_utils.o

.debug_abbrev   0x00000000     0x1130
 .debug_abbrev  0x00000000      0x115 ./Core/Src/gpio.o
 .debug_abbrev  0x00000115      0x25c ./Core/Src/main.o
 .debug_abbrev  0x00000371       0x80 ./Core/Src/stm32wbxx_it.o
 .debug_abbrev  0x000003f1      0x13b ./Core/Src/system_stm32wbxx.o
 .debug_abbrev  0x0000052c      0x295 ./Core/Src/usart.o
 .debug_abbrev  0x000007c1       0x24 ./Core/Startup/startup_stm32wb55rgvx.o
 .debug_abbrev  0x000007e5      0x272 ./Drivers/STM32WBxx_HAL_Driver/Src/stm32wbxx_ll_gpio.o
 .debug_abbrev  0x00000a57      0x247 ./Drivers/STM32WBxx_HAL_Driver/Src/stm32wbxx_ll_rcc.o
 .debug_abbrev  0x00000c9e      0x211 ./Drivers/STM32WBxx_HAL_Driver/Src/stm32wbxx_ll_usart.o
 .debug_abbrev  0x00000eaf      0x281 ./Drivers/STM32WBxx_HAL_Driver/Src/stm32wbxx_ll_utils.o

.debug_aranges  0x00000000      0x730
 .debug_aranges
                0x00000000       0x28 ./Core/Src/gpio.o
 .debug_aranges
                0x00000028      0x100 ./Core/Src/main.o
 .debug_aranges
                0x00000128       0x68 ./Core/Src/stm32wbxx_it.o
 .debug_aranges
                0x00000190       0x28 ./Core/Src/system_stm32wbxx.o
 .debug_aranges
                0x000001b8       0x90 ./Core/Src/usart.o
 .debug_aranges
                0x00000248       0x30 ./Core/Startup/startup_stm32wb55rgvx.o
 .debug_aranges
                0x00000278       0x70 ./Drivers/STM32WBxx_HAL_Driver/Src/stm32wbxx_ll_gpio.o
 .debug_aranges
                0x000002e8      0x2a0 ./Drivers/STM32WBxx_HAL_Driver/Src/stm32wbxx_ll_rcc.o
 .debug_aranges
                0x00000588       0x78 ./Drivers/STM32WBxx_HAL_Driver/Src/stm32wbxx_ll_usart.o
 .debug_aranges
                0x00000600      0x130 ./Drivers/STM32WBxx_HAL_Driver/Src/stm32wbxx_ll_utils.o

.debug_rnglists
                0x00000000      0x553
 .debug_rnglists
                0x00000000       0x19 ./Core/Src/gpio.o
 .debug_rnglists
                0x00000019       0xbc ./Core/Src/main.o
 .debug_rnglists
                0x000000d5       0x49 ./Core/Src/stm32wbxx_it.o
 .debug_rnglists
                0x0000011e       0x1b ./Core/Src/system_stm32wbxx.o
 .debug_rnglists
                0x00000139       0x68 ./Core/Src/usart.o
 .debug_rnglists
                0x000001a1       0x1f ./Core/Startup/startup_stm32wb55rgvx.o
 .debug_rnglists
                0x000001c0       0x51 ./Drivers/STM32WBxx_HAL_Driver/Src/stm32wbxx_ll_gpio.o
 .debug_rnglists
                0x00000211      0x205 ./Drivers/STM32WBxx_HAL_Driver/Src/stm32wbxx_ll_rcc.o
 .debug_rnglists
                0x00000416       0x58 ./Drivers/STM32WBxx_HAL_Driver/Src/stm32wbxx_ll_usart.o
 .debug_rnglists
                0x0000046e       0xe5 ./Drivers/STM32WBxx_HAL_Driver/Src/stm32wbxx_ll_utils.o

.debug_macro    0x00000000    0x18ad0
 .debug_macro   0x00000000      0x167 ./Core/Src/gpio.o
 .debug_macro   0x00000167      0xafc ./Core/Src/gpio.o
 .debug_macro   0x00000c63       0x2e ./Core/Src/gpio.o
 .debug_macro   0x00000c91       0x2e ./Core/Src/gpio.o
 .debug_macro   0x00000cbf       0x22 ./Core/Src/gpio.o
 .debug_macro   0x00000ce1       0x8e ./Core/Src/gpio.o
 .debug_macro   0x00000d6f       0x51 ./Core/Src/gpio.o
 .debug_macro   0x00000dc0      0x103 ./Core/Src/gpio.o
 .debug_macro   0x00000ec3       0x6a ./Core/Src/gpio.o
 .debug_macro   0x00000f2d      0x1df ./Core/Src/gpio.o
 .debug_macro   0x0000110c       0x1c ./Core/Src/gpio.o
 .debug_macro   0x00001128       0x22 ./Core/Src/gpio.o
 .debug_macro   0x0000114a       0xfb ./Core/Src/gpio.o
 .debug_macro   0x00001245     0x1011 ./Core/Src/gpio.o
 .debug_macro   0x00002256      0x11f ./Core/Src/gpio.o
 .debug_macro   0x00002375    0x12adb ./Core/Src/gpio.o
 .debug_macro   0x00014e50       0x6c ./Core/Src/gpio.o
 .debug_macro   0x00014ebc       0xde ./Core/Src/gpio.o
 .debug_macro   0x00014f9a      0x883 ./Core/Src/gpio.o
 .debug_macro   0x0001581d      0x259 ./Core/Src/gpio.o
 .debug_macro   0x00015a76      0x557 ./Core/Src/gpio.o
 .debug_macro   0x00015fcd      0x175 ./Core/Src/gpio.o
 .debug_macro   0x00016142      0x1a8 ./Core/Src/gpio.o
 .debug_macro   0x000162ea       0x45 ./Core/Src/gpio.o
 .debug_macro   0x0001632f      0x381 ./Core/Src/gpio.o
 .debug_macro   0x000166b0      0x3f5 ./Core/Src/gpio.o
 .debug_macro   0x00016aa5      0x28d ./Core/Src/gpio.o
 .debug_macro   0x00016d32      0x40f ./Core/Src/gpio.o
 .debug_macro   0x00017141      0x14d ./Core/Src/gpio.o
 .debug_macro   0x0001728e       0x10 ./Core/Src/gpio.o
 .debug_macro   0x0001729e       0x22 ./Core/Src/gpio.o
 .debug_macro   0x000172c0      0x17f ./Core/Src/main.o
 .debug_macro   0x0001743f      0x167 ./Core/Src/stm32wbxx_it.o
 .debug_macro   0x000175a6       0xd3 ./Core/Src/system_stm32wbxx.o
 .debug_macro   0x00017679      0x167 ./Core/Src/usart.o
 .debug_macro   0x000177e0      0x112 ./Drivers/STM32WBxx_HAL_Driver/Src/stm32wbxx_ll_gpio.o
 .debug_macro   0x000178f2      0x147 ./Drivers/STM32WBxx_HAL_Driver/Src/stm32wbxx_ll_gpio.o
 .debug_macro   0x00017a39      0x11b ./Drivers/STM32WBxx_HAL_Driver/Src/stm32wbxx_ll_rcc.o
 .debug_macro   0x00017b54      0x87d ./Drivers/STM32WBxx_HAL_Driver/Src/stm32wbxx_ll_rcc.o
 .debug_macro   0x000183d1      0x14b ./Drivers/STM32WBxx_HAL_Driver/Src/stm32wbxx_ll_usart.o
 .debug_macro   0x0001851c      0x409 ./Drivers/STM32WBxx_HAL_Driver/Src/stm32wbxx_ll_usart.o
 .debug_macro   0x00018925      0x16c ./Drivers/STM32WBxx_HAL_Driver/Src/stm32wbxx_ll_utils.o
 .debug_macro   0x00018a91       0x3f ./Drivers/STM32WBxx_HAL_Driver/Src/stm32wbxx_ll_utils.o

.debug_line     0x00000000     0x5b64
 .debug_line    0x00000000      0x672 ./Core/Src/gpio.o
 .debug_line    0x00000672      0xa79 ./Core/Src/main.o
 .debug_line    0x000010eb      0x722 ./Core/Src/stm32wbxx_it.o
 .debug_line    0x0000180d      0x5ab ./Core/Src/system_stm32wbxx.o
 .debug_line    0x00001db8      0x954 ./Core/Src/usart.o
 .debug_line    0x0000270c       0x83 ./Core/Startup/startup_stm32wb55rgvx.o
 .debug_line    0x0000278f      0x967 ./Drivers/STM32WBxx_HAL_Driver/Src/stm32wbxx_ll_gpio.o
 .debug_line    0x000030f6     0x146f ./Drivers/STM32WBxx_HAL_Driver/Src/stm32wbxx_ll_rcc.o
 .debug_line    0x00004565      0x868 ./Drivers/STM32WBxx_HAL_Driver/Src/stm32wbxx_ll_usart.o
 .debug_line    0x00004dcd      0xd97 ./Drivers/STM32WBxx_HAL_Driver/Src/stm32wbxx_ll_utils.o

.debug_str      0x00000000    0x8b11e
 .debug_str     0x00000000    0x8798c ./Core/Src/gpio.o
                              0x87b8f (size before relaxing)
 .debug_str     0x0008798c      0x84b ./Core/Src/main.o
                              0x8842a (size before relaxing)
 .debug_str     0x000881d7       0xcf ./Core/Src/stm32wbxx_it.o
                              0x879ec (size before relaxing)
 .debug_str     0x000882a6       0xb7 ./Core/Src/system_stm32wbxx.o
                              0x773dc (size before relaxing)
 .debug_str     0x0008835d      0x25d ./Core/Src/usart.o
                              0x88391 (size before relaxing)
 .debug_str     0x000885ba       0x44 ./Core/Startup/startup_stm32wb55rgvx.o
                                 0x6e (size before relaxing)
 .debug_str     0x000885fe      0x66c ./Drivers/STM32WBxx_HAL_Driver/Src/stm32wbxx_ll_gpio.o
                              0x791d8 (size before relaxing)
 .debug_str     0x00088c6a      0xca6 ./Drivers/STM32WBxx_HAL_Driver/Src/stm32wbxx_ll_rcc.o
                              0x7ca06 (size before relaxing)
 .debug_str     0x00089910      0xa8f ./Drivers/STM32WBxx_HAL_Driver/Src/stm32wbxx_ll_usart.o
                              0x7f1ba (size before relaxing)
 .debug_str     0x0008a39f      0xd7f ./Drivers/STM32WBxx_HAL_Driver/Src/stm32wbxx_ll_utils.o
                              0x80989 (size before relaxing)

.comment        0x00000000       0x43
 .comment       0x00000000       0x43 ./Core/Src/gpio.o
                                 0x44 (size before relaxing)
 .comment       0x00000043       0x44 ./Core/Src/main.o
 .comment       0x00000043       0x44 ./Core/Src/stm32wbxx_it.o
 .comment       0x00000043       0x44 ./Core/Src/system_stm32wbxx.o
 .comment       0x00000043       0x44 ./Core/Src/usart.o
 .comment       0x00000043       0x44 ./Drivers/STM32WBxx_HAL_Driver/Src/stm32wbxx_ll_gpio.o
 .comment       0x00000043       0x44 ./Drivers/STM32WBxx_HAL_Driver/Src/stm32wbxx_ll_rcc.o
 .comment       0x00000043       0x44 ./Drivers/STM32WBxx_HAL_Driver/Src/stm32wbxx_ll_usart.o
 .comment       0x00000043       0x44 ./Drivers/STM32WBxx_HAL_Driver/Src/stm32wbxx_ll_utils.o

.debug_frame    0x00000000     0x1c58
 .debug_frame   0x00000000       0x54 ./Core/Src/gpio.o
 .debug_frame   0x00000054      0x414 ./Core/Src/main.o
 .debug_frame   0x00000468      0x128 ./Core/Src/stm32wbxx_it.o
 .debug_frame   0x00000590       0x58 ./Core/Src/system_stm32wbxx.o
 .debug_frame   0x000005e8      0x25c ./Core/Src/usart.o
 .debug_frame   0x00000844      0x1c4 ./Drivers/STM32WBxx_HAL_Driver/Src/stm32wbxx_ll_gpio.o
 .debug_frame   0x00000a08      0xb24 ./Drivers/STM32WBxx_HAL_Driver/Src/stm32wbxx_ll_rcc.o
 .debug_frame   0x0000152c      0x1e8 ./Drivers/STM32WBxx_HAL_Driver/Src/stm32wbxx_ll_usart.o
 .debug_frame   0x00001714      0x4f8 ./Drivers/STM32WBxx_HAL_Driver/Src/stm32wbxx_ll_utils.o
 .debug_frame   0x00001c0c       0x20 C:/ST/STM32CubeIDE_1.16.1/STM32CubeIDE/plugins/com.st.stm32cube.ide.mcu.externaltools.gnu-tools-for-stm32.12.3.rel1.win32_1.0.200.202406191623/tools/bin/../lib/gcc/arm-none-eabi/12.3.1/../../../../arm-none-eabi/lib/thumb/v7e-m+fp/hard\libc_nano.a(libc_a-memset.o)
 .debug_frame   0x00001c2c       0x2c C:/ST/STM32CubeIDE_1.16.1/STM32CubeIDE/plugins/com.st.stm32cube.ide.mcu.externaltools.gnu-tools-for-stm32.12.3.rel1.win32_1.0.200.202406191623/tools/bin/../lib/gcc/arm-none-eabi/12.3.1/../../../../arm-none-eabi/lib/thumb/v7e-m+fp/hard\libc_nano.a(libc_a-init.o)

.debug_line_str
                0x00000000       0x52
 .debug_line_str
                0x00000000       0x52 ./Core/Startup/startup_stm32wb55rgvx.o
