Archive member included to satisfy reference by file (symbol)

C:/ST/STM32CubeIDE_1.16.1/STM32CubeIDE/plugins/com.st.stm32cube.ide.mcu.externaltools.gnu-tools-for-stm32.12.3.rel1.win32_1.0.200.202406191623/tools/bin/../lib/gcc/arm-none-eabi/12.3.1/../../../../arm-none-eabi/lib/thumb/v7e-m+fp/hard\libc_nano.a(libc_a-exit.o)
                              C:/ST/STM32CubeIDE_1.16.1/STM32CubeIDE/plugins/com.st.stm32cube.ide.mcu.externaltools.gnu-tools-for-stm32.12.3.rel1.win32_1.0.200.202406191623/tools/bin/../lib/gcc/arm-none-eabi/12.3.1/../../../../arm-none-eabi/lib/thumb/v7e-m+fp/hard/crt0.o (exit)
C:/ST/STM32CubeIDE_1.16.1/STM32CubeIDE/plugins/com.st.stm32cube.ide.mcu.externaltools.gnu-tools-for-stm32.12.3.rel1.win32_1.0.200.202406191623/tools/bin/../lib/gcc/arm-none-eabi/12.3.1/../../../../arm-none-eabi/lib/thumb/v7e-m+fp/hard\libc_nano.a(libc_a-findfp.o)
                              C:/ST/STM32CubeIDE_1.16.1/STM32CubeIDE/plugins/com.st.stm32cube.ide.mcu.externaltools.gnu-tools-for-stm32.12.3.rel1.win32_1.0.200.202406191623/tools/bin/../lib/gcc/arm-none-eabi/12.3.1/../../../../arm-none-eabi/lib/thumb/v7e-m+fp/hard\libc_nano.a(libc_a-exit.o) (__stdio_exit_handler)
C:/ST/STM32CubeIDE_1.16.1/STM32CubeIDE/plugins/com.st.stm32cube.ide.mcu.externaltools.gnu-tools-for-stm32.12.3.rel1.win32_1.0.200.202406191623/tools/bin/../lib/gcc/arm-none-eabi/12.3.1/../../../../arm-none-eabi/lib/thumb/v7e-m+fp/hard\libc_nano.a(libc_a-fwalk.o)
                              C:/ST/STM32CubeIDE_1.16.1/STM32CubeIDE/plugins/com.st.stm32cube.ide.mcu.externaltools.gnu-tools-for-stm32.12.3.rel1.win32_1.0.200.202406191623/tools/bin/../lib/gcc/arm-none-eabi/12.3.1/../../../../arm-none-eabi/lib/thumb/v7e-m+fp/hard\libc_nano.a(libc_a-findfp.o) (_fwalk_sglue)
C:/ST/STM32CubeIDE_1.16.1/STM32CubeIDE/plugins/com.st.stm32cube.ide.mcu.externaltools.gnu-tools-for-stm32.12.3.rel1.win32_1.0.200.202406191623/tools/bin/../lib/gcc/arm-none-eabi/12.3.1/../../../../arm-none-eabi/lib/thumb/v7e-m+fp/hard\libc_nano.a(libc_a-stdio.o)
                              C:/ST/STM32CubeIDE_1.16.1/STM32CubeIDE/plugins/com.st.stm32cube.ide.mcu.externaltools.gnu-tools-for-stm32.12.3.rel1.win32_1.0.200.202406191623/tools/bin/../lib/gcc/arm-none-eabi/12.3.1/../../../../arm-none-eabi/lib/thumb/v7e-m+fp/hard\libc_nano.a(libc_a-findfp.o) (__sread)
C:/ST/STM32CubeIDE_1.16.1/STM32CubeIDE/plugins/com.st.stm32cube.ide.mcu.externaltools.gnu-tools-for-stm32.12.3.rel1.win32_1.0.200.202406191623/tools/bin/../lib/gcc/arm-none-eabi/12.3.1/../../../../arm-none-eabi/lib/thumb/v7e-m+fp/hard\libc_nano.a(libc_a-memset.o)
                              C:/ST/STM32CubeIDE_1.16.1/STM32CubeIDE/plugins/com.st.stm32cube.ide.mcu.externaltools.gnu-tools-for-stm32.12.3.rel1.win32_1.0.200.202406191623/tools/bin/../lib/gcc/arm-none-eabi/12.3.1/../../../../arm-none-eabi/lib/thumb/v7e-m+fp/hard/crt0.o (memset)
C:/ST/STM32CubeIDE_1.16.1/STM32CubeIDE/plugins/com.st.stm32cube.ide.mcu.externaltools.gnu-tools-for-stm32.12.3.rel1.win32_1.0.200.202406191623/tools/bin/../lib/gcc/arm-none-eabi/12.3.1/../../../../arm-none-eabi/lib/thumb/v7e-m+fp/hard\libc_nano.a(libc_a-closer.o)
                              C:/ST/STM32CubeIDE_1.16.1/STM32CubeIDE/plugins/com.st.stm32cube.ide.mcu.externaltools.gnu-tools-for-stm32.12.3.rel1.win32_1.0.200.202406191623/tools/bin/../lib/gcc/arm-none-eabi/12.3.1/../../../../arm-none-eabi/lib/thumb/v7e-m+fp/hard\libc_nano.a(libc_a-stdio.o) (_close_r)
C:/ST/STM32CubeIDE_1.16.1/STM32CubeIDE/plugins/com.st.stm32cube.ide.mcu.externaltools.gnu-tools-for-stm32.12.3.rel1.win32_1.0.200.202406191623/tools/bin/../lib/gcc/arm-none-eabi/12.3.1/../../../../arm-none-eabi/lib/thumb/v7e-m+fp/hard\libc_nano.a(libc_a-reent.o)
                              C:/ST/STM32CubeIDE_1.16.1/STM32CubeIDE/plugins/com.st.stm32cube.ide.mcu.externaltools.gnu-tools-for-stm32.12.3.rel1.win32_1.0.200.202406191623/tools/bin/../lib/gcc/arm-none-eabi/12.3.1/../../../../arm-none-eabi/lib/thumb/v7e-m+fp/hard\libc_nano.a(libc_a-closer.o) (errno)
C:/ST/STM32CubeIDE_1.16.1/STM32CubeIDE/plugins/com.st.stm32cube.ide.mcu.externaltools.gnu-tools-for-stm32.12.3.rel1.win32_1.0.200.202406191623/tools/bin/../lib/gcc/arm-none-eabi/12.3.1/../../../../arm-none-eabi/lib/thumb/v7e-m+fp/hard\libc_nano.a(libc_a-impure.o)
                              C:/ST/STM32CubeIDE_1.16.1/STM32CubeIDE/plugins/com.st.stm32cube.ide.mcu.externaltools.gnu-tools-for-stm32.12.3.rel1.win32_1.0.200.202406191623/tools/bin/../lib/gcc/arm-none-eabi/12.3.1/../../../../arm-none-eabi/lib/thumb/v7e-m+fp/hard\libc_nano.a(libc_a-reent.o) (_impure_ptr)
C:/ST/STM32CubeIDE_1.16.1/STM32CubeIDE/plugins/com.st.stm32cube.ide.mcu.externaltools.gnu-tools-for-stm32.12.3.rel1.win32_1.0.200.202406191623/tools/bin/../lib/gcc/arm-none-eabi/12.3.1/../../../../arm-none-eabi/lib/thumb/v7e-m+fp/hard\libc_nano.a(libc_a-lseekr.o)
[...]
Memory Configuration

Name             Origin             Length             Attributes
FLASH            0x08000000         0x00080000         xr
RAM              0x20000008         0x0002fff8         xrw
RAM_SHARED       0x20030000         0x00002800         xrw
*default*        0x00000000         0xffffffff

Linker script and memory map

LOAD C:/ST/STM32CubeIDE_1.16.1/STM32CubeIDE/plugins/com.st.stm32cube.ide.mcu.externaltools.gnu-tools-for-stm32.12.3.rel1.win32_1.0.200.202406191623/tools/bin/../lib/gcc/arm-none-eabi/12.3.1/thumb/v7e-m+fp/hard/crti.o
LOAD C:/ST/STM32CubeIDE_1.16.1/STM32CubeIDE/plugins/com.st.stm32cube.ide.mcu.externaltools.gnu-tools-for-stm32.12.3.rel1.win32_1.0.200.202406191623/tools/bin/../lib/gcc/arm-none-eabi/12.3.1/thumb/v7e-m+fp/hard/crtbegin.o
LOAD C:/ST/STM32CubeIDE_1.16.1/STM32CubeIDE/plugins/com.st.stm32cube.ide.mcu.externaltools.gnu-tools-for-stm32.12.3.rel1.win32_1.0.200.202406191623/tools/bin/../lib/gcc/arm-none-eabi/12.3.1/../../../../arm-none-eabi/lib/thumb/v7e-m+fp/hard/crt0.o
LOAD ./App/Serial/Src/Serial_IT.o
LOAD ./Core/Src/gpio.o
LOAD ./Core/Src/main.o
LOAD ./Core/Src/memorymap.o
LOAD ./Core/Src/stm32wbxx_it.o
LOAD ./Core/Src/syscalls.o
LOAD ./Core/Src/sysmem.o
LOAD ./Core/Src/system_stm32wbxx.o
LOAD ./Core/Src/usart.o
LOAD ./Core/Startup/startup_stm32wb55rgvx.o
LOAD ./Drivers/STM32WBxx_HAL_Driver/Src/stm32wbxx_ll_dma.o
LOAD ./Drivers/STM32WBxx_HAL_Driver/Src/stm32wbxx_ll_exti.o
LOAD ./Drivers/STM32WBxx_HAL_Driver/Src/stm32wbxx_ll_gpio.o
LOAD ./Drivers/STM32WBxx_HAL_Driver/Src/stm32wbxx_ll_pwr.o
LOAD ./Drivers/STM32WBxx_HAL_Driver/Src/stm32wbxx_ll_rcc.o
LOAD ./Drivers/STM32WBxx_HAL_Driver/Src/stm32wbxx_ll_usart.o
LOAD ./Drivers/STM32WBxx_HAL_Driver/Src/stm32wbxx_ll_utils.o
START GROUP
LOAD C:/ST/STM32CubeIDE_1.16.1/STM32CubeIDE/plugins/com.st.stm32cube.ide.mcu.externaltools.gnu-tools-for-stm32.12.3.rel1.win32_1.0.200.202406191623/tools/bin/../lib/gcc/arm-none-eabi/12.3.1/../../../../arm-none-eabi/lib/thumb/v7e-m+fp/hard\libc_nano.a
LOAD C:/ST/STM32CubeIDE_1.16.1/STM32CubeIDE/plugins/com.st.stm32cube.ide.mcu.externaltools.gnu-tools-for-stm32.12.3.rel1.win32_1.0.200.202406191623/tools/bin/../lib/gcc/arm-none-eabi/12.3.1/../../../../arm-none-eabi/lib/thumb/v7e-m+fp/hard\libm.a
END GROUP
START GROUP
LOAD C:/ST/STM32CubeIDE_1.16.1/STM32CubeIDE/plugins/com.st.stm32cube.ide.mcu.externaltools.gnu-tools-for-stm32.12.3.rel1.win32_1.0.200.202406191623/tools/bin/../lib/gcc/arm-none-eabi/12.3.1/thumb/v7e-m+fp/hard\libgcc.a
LOAD C:/ST/STM32CubeIDE_1.16.1/STM32CubeIDE/plugins/com.st.stm32cube.ide.mcu.externaltools.gnu-tools-for-stm32.12.3.rel1.win32_1.0.200.202406191623/tools/bin/../lib/gcc/arm-none-eabi/12.3.1/../../../../arm-none-eabi/lib/thumb/v7e-m+fp/hard\libc_nano.a
END GROUP
START GROUP
LOAD C:/ST/STM32CubeIDE_1.16.1/STM32CubeIDE/plugins/com.st.stm32cube.ide.mcu.externaltools.gnu-tools-for-stm32.12.3.rel1.win32_1.0.200.202406191623/tools/bin/../lib/gcc/arm-none-eabi/12.3.1/thumb/v7e-m+fp/hard\libgcc.a
LOAD C:/ST/STM32CubeIDE_1.16.1/STM32CubeIDE/plugins/com.st.stm32cube.ide.mcu.externaltools.gnu-tools-for-stm32.12.3.rel1.win32_1.0.200.202406191623/tools/bin/../lib/gcc/arm-none-eabi/12.3.1/../../../../arm-none-eabi/lib/thumb/v7e-m+fp/hard\libc_nano.a
LOAD C:/ST/STM32CubeIDE_1.16.1/STM32CubeIDE/plugins/com.st.stm32cube.ide.mcu.externaltools.gnu-tools-for-stm32.12.3.rel1.win32_1.0.200.202406191623/tools/bin/../lib/gcc/arm-none-eabi/12.3.1/../../../../arm-none-eabi/lib/thumb/v7e-m+fp/hard\libnosys.a
END GROUP
START GROUP
LOAD C:/ST/STM32CubeIDE_1.16.1/STM32CubeIDE/plugins/com.st.stm32cube.ide.mcu.externaltools.gnu-tools-for-stm32.12.3.rel1.win32_1.0.200.202406191623/tools/bin/../lib/gcc/arm-none-eabi/12.3.1/thumb/v7e-m+fp/hard\libgcc.a
LOAD C:/ST/STM32CubeIDE_1.16.1/STM32CubeIDE/plugins/com.st.stm32cube.ide.mcu.externaltools.gnu-tools-for-stm32.12.3.rel1.win32_1.0.200.202406191623/tools/bin/../lib/gcc/arm-none-eabi/12.3.1/../../../../arm-none-eabi/lib/thumb/v7e-m+fp/hard\libc_nano.a
LOAD C:/ST/STM32CubeIDE_1.16.1/STM32CubeIDE/plugins/com.st.stm32cube.ide.mcu.externaltools.gnu-tools-for-stm32.12.3.rel1.win32_1.0.200.202406191623/tools/bin/../lib/gcc/arm-none-eabi/12.3.1/../../../../arm-none-eabi/lib/thumb/v7e-m+fp/hard\libnosys.a
END GROUP
LOAD C:/ST/STM32CubeIDE_1.16.1/STM32CubeIDE/plugins/com.st.stm32cube.ide.mcu.externaltools.gnu-tools-for-stm32.12.3.rel1.win32_1.0.200.202406191623/tools/bin/../lib/gcc/arm-none-eabi/12.3.1/thumb/v7e-m+fp/hard/crtend.o
LOAD C:/ST/STM32CubeIDE_1.16.1/STM32CubeIDE/plugins/com.st.stm32cube.ide.mcu.externaltools.gnu-tools-for-stm32.12.3.rel1.win32_1.0.200.202406191623/tools/bin/../lib/gcc/arm-none-eabi/12.3.1/thumb/v7e-m+fp/hard/crtn.o
                0x20030000                        _estack = (ORIGIN (RAM) + LENGTH (RAM))
                0x00000200                        _Min_Heap_Size = 0x200
                0x00000400                        _Min_Stack_Size = 0x400

.isr_vector     0x08000000      0x13c
                0x08000000                        . = ALIGN (0x4)
 *(.isr_vector)
 .isr_vector    0x08000000      0x13c ./Core/Startup/startup_stm32wb55rgvx.o
                0x08000000                g_pfnVectors
                0x0800013c                        . = ALIGN (0x4)

.text           0x0800013c     0x1a38
                0x0800013c                        . = ALIGN (0x4)
 *(.text)
 .text          0x0800013c       0x40 C:/ST/STM32CubeIDE_1.16.1/STM32CubeIDE/plugins/com.st.stm32cube.ide.mcu.externaltools.gnu-tools-for-stm32.12.3.rel1.win32_1.0.200.202406191623/tools/bin/../lib/gcc/arm-none-eabi/12.3.1/thumb/v7e-m+fp/hard/crtbegin.o
 *(.text*)
 .text.LL_USART_EnableIT_IDLE
                0x0800017c       0x42 ./App/Serial/Src/Serial_IT.o
 .text.LL_USART_EnableIT_RXNE_RXFNE
                0x080001be       0x42 ./App/Serial/Src/Serial_IT.o
 .text.LL_USART_EnableIT_ERROR
                0x08000200       0x46 ./App/Serial/Src/Serial_IT.o
 .text.LL_USART_ReceiveData8
                0x08000246       0x1a ./App/Serial/Src/Serial_IT.o
 .text.LL_USART_TransmitData8
                0x08000260       0x1e ./App/Serial/Src/Serial_IT.o
 *fill*         0x0800027e        0x2 
 .text.SerialItEnable
                0x08000280       0x20 ./App/Serial/Src/Serial_IT.o
                0x08000280                SerialItEnable
 .text.SerialItIrq
                0x080002a0       0xb0 ./App/Serial/Src/Serial_IT.o
                0x080002a0                SerialItIrq
 .text.SerialItRxRcvdCb
                0x08000350       0x2c ./App/Serial/Src/Serial_IT.o
 .text.LL_AHB2_GRP1_EnableClock
                0x0800037c       0x32 ./Core/Src/gpio.o
 .text.MX_GPIO_Init
                0x080003ae       0x1a ./Core/Src/gpio.o
                0x080003ae                MX_GPIO_Init
 .text.__NVIC_SetPriorityGrouping
                0x080003c8       0x48 ./Core/Src/main.o
 .text.__NVIC_GetPriorityGrouping
                0x08000410       0x1c ./Core/Src/main.o
 .text.__NVIC_SetPriority
                0x0800042c       0x54 ./Core/Src/main.o
 .text.NVIC_EncodePriority
                0x08000480       0x66 ./Core/Src/main.o
 .text.LL_RCC_HSE_Enable
                0x080004e6       0x1e ./Core/Src/main.o
 .text.LL_RCC_HSE_IsReady
                0x08000504       0x24 ./Core/Src/main.o
 .text.LL_RCC_HSI_Enable
                0x08000528       0x1e ./Core/Src/main.o
 .text.LL_RCC_HSI_IsReady
                0x08000546       0x24 ./Core/Src/main.o
 .text.LL_RCC_SetSysClkSource
                0x0800056a       0x28 ./Core/Src/main.o
 .text.LL_RCC_GetSysClkSource
                0x08000592       0x18 ./Core/Src/main.o
 .text.LL_RCC_SetRFWKPClockSource
                0x080005aa       0x2c ./Core/Src/main.o
 .text.LL_RCC_SetAHBPrescaler
                0x080005d6       0x28 ./Core/Src/main.o
 .text.LL_C2_RCC_SetAHBPrescaler
                0x080005fe       0x2c ./Core/Src/main.o
 .text.LL_RCC_SetAHB4Prescaler
                0x0800062a       0x2e ./Core/Src/main.o
 .text.LL_RCC_SetAPB1Prescaler
                0x08000658       0x28 ./Core/Src/main.o
 .text.LL_RCC_SetAPB2Prescaler
                0x08000680       0x28 ./Core/Src/main.o
 .text.LL_RCC_SetSMPSClockSource
                0x080006a8       0x28 ./Core/Src/main.o
 .text.LL_RCC_SetSMPSPrescaler
                0x080006d0       0x28 ./Core/Src/main.o
 .text.LL_RCC_PLL_Enable
                0x080006f8       0x1e ./Core/Src/main.o
 .text.LL_RCC_PLL_IsReady
                0x08000716       0x24 ./Core/Src/main.o
 *fill*         0x0800073a        0x2 
 .text.LL_RCC_PLL_ConfigDomain_SYS
                0x0800073c       0x40 ./Core/Src/main.o
 .text.LL_RCC_PLL_EnableDomain_SYS
                0x0800077c       0x1e ./Core/Src/main.o
 *fill*         0x0800079a        0x2 
 .text.LL_FLASH_SetLatency
                0x0800079c       0x28 ./Core/Src/main.o
 .text.LL_FLASH_GetLatency
                0x080007c4       0x1c ./Core/Src/main.o
 .text.main     0x080007e0       0x3e ./Core/Src/main.o
                0x080007e0                main
 *fill*         0x0800081e        0x2 
 .text.SystemClock_Config
                0x08000820       0x9c ./Core/Src/main.o
                0x08000820                SystemClock_Config
 .text.PeriphCommonClock_Config
                0x080008bc       0x1a ./Core/Src/main.o
                0x080008bc                PeriphCommonClock_Config
 .text.assert_failed
                0x080008d6       0x16 ./Core/Src/main.o
                0x080008d6                assert_failed
 .text.NMI_Handler
                0x080008ec        0x8 ./Core/Src/stm32wbxx_it.o
                0x080008ec                NMI_Handler
 .text.HardFault_Handler
                0x080008f4        0x8 ./Core/Src/stm32wbxx_it.o
                0x080008f4                HardFault_Handler
 .text.MemManage_Handler
                0x080008fc        0x8 ./Core/Src/stm32wbxx_it.o
                0x080008fc                MemManage_Handler
 .text.BusFault_Handler
                0x08000904        0x8 ./Core/Src/stm32wbxx_it.o
                0x08000904                BusFault_Handler
 .text.UsageFault_Handler
                0x0800090c        0x8 ./Core/Src/stm32wbxx_it.o
                0x0800090c                UsageFault_Handler
 .text.SVC_Handler
                0x08000914        0xe ./Core/Src/stm32wbxx_it.o
                0x08000914                SVC_Handler
 .text.DebugMon_Handler
                0x08000922        0xe ./Core/Src/stm32wbxx_it.o
                0x08000922                DebugMon_Handler
 .text.PendSV_Handler
                0x08000930        0xe ./Core/Src/stm32wbxx_it.o
                0x08000930                PendSV_Handler
 .text.SysTick_Handler
                0x0800093e        0xe ./Core/Src/stm32wbxx_it.o
                0x0800093e                SysTick_Handler
 .text.USART1_IRQHandler
                0x0800094c        0xc ./Core/Src/stm32wbxx_it.o
                0x0800094c                USART1_IRQHandler
 .text.SystemInit
                0x08000958       0xa4 ./Core/Src/system_stm32wbxx.o
                0x08000958                SystemInit
 .text.__NVIC_GetPriorityGrouping
                0x080009fc       0x1c ./Core/Src/usart.o
 .text.__NVIC_EnableIRQ
                0x08000a18       0x3c ./Core/Src/usart.o
 .text.__NVIC_SetPriority
                0x08000a54       0x54 ./Core/Src/usart.o
 .text.NVIC_EncodePriority
                0x08000aa8       0x66 ./Core/Src/usart.o
 .text.LL_RCC_SetUSARTClockSource
                0x08000b0e       0x2c ./Core/Src/usart.o
 .text.LL_AHB2_GRP1_EnableClock
                0x08000b3a       0x32 ./Core/Src/usart.o
 .text.LL_APB2_GRP1_EnableClock
                0x08000b6c       0x32 ./Core/Src/usart.o
 .text.LL_USART_Enable
                0x08000b9e       0x20 ./Core/Src/usart.o
 .text.LL_USART_DisableFIFO
                0x08000bbe       0x20 ./Core/Src/usart.o
 .text.LL_USART_SetTXFIFOThreshold
                0x08000bde       0x4e ./Core/Src/usart.o
 .text.LL_USART_SetRXFIFOThreshold
                0x08000c2c       0x4e ./Core/Src/usart.o
 .text.LL_USART_ConfigAsyncMode
                0x08000c7a       0x2c ./Core/Src/usart.o
 .text.LL_USART_IsActiveFlag_TEACK
                0x08000ca6       0x28 ./Core/Src/usart.o
 .text.LL_USART_IsActiveFlag_REACK
                0x08000cce       0x28 ./Core/Src/usart.o
 *fill*         0x08000cf6        0x2 
 .text.MX_USART1_UART_Init
                0x08000cf8       0xf8 ./Core/Src/usart.o
                0x08000cf8                MX_USART1_UART_Init
 .text.data_initializers
                0x08000df0       0x18 ./Core/Startup/startup_stm32wb55rgvx.o
 .text.Reset_Handler
                0x08000e08       0x58 ./Core/Startup/startup_stm32wb55rgvx.o
                0x08000e08                Reset_Handler
 .text.Default_Handler
                0x08000e60        0x2 ./Core/Startup/startup_stm32wb55rgvx.o
                0x08000e60                RTC_Alarm_IRQHandler
                0x08000e60                EXTI2_IRQHandler
                0x08000e60                TIM1_CC_IRQHandler
                0x08000e60                TSC_IRQHandler
                0x08000e60                USB_HP_IRQHandler
                0x08000e60                EXTI3_IRQHandler
                0x08000e60                LPTIM2_IRQHandler
                0x08000e60                I2C3_ER_IRQHandler
                0x08000e60                EXTI0_IRQHandler
                0x08000e60                FPU_IRQHandler
                0x08000e60                TIM1_UP_TIM16_IRQHandler
                0x08000e60                AES1_IRQHandler
                0x08000e60                SPI1_IRQHandler
                0x08000e60                PWR_SOTF_BLEACT_802ACT_RFPHASE_IRQHandler
                0x08000e60                DMA2_Channel2_IRQHandler
                0x08000e60                DMA1_Channel4_IRQHandler
                0x08000e60                ADC1_IRQHandler
                0x08000e60                PKA_IRQHandler
                0x08000e60                DMA1_Channel7_IRQHandler
                0x08000e60                LCD_IRQHandler
                0x08000e60                IPCC_C1_TX_IRQHandler
                0x08000e60                DMA2_Channel1_IRQHandler
                0x08000e60                QUADSPI_IRQHandler
                0x08000e60                I2C1_EV_IRQHandler
                0x08000e60                DMAMUX1_OVR_IRQHandler
                0x08000e60                DMA1_Channel6_IRQHandler
                0x08000e60                DMA2_Channel4_IRQHandler
                0x08000e60                RCC_IRQHandler
                0x08000e60                DMA1_Channel1_IRQHandler
                0x08000e60                Default_Handler
                0x08000e60                DMA2_Channel7_IRQHandler
                0x08000e60                EXTI15_10_IRQHandler
                0x08000e60                IPCC_C1_RX_IRQHandler
                0x08000e60                C2SEV_PWR_C2H_IRQHandler
                0x08000e60                AES2_IRQHandler
                0x08000e60                I2C3_EV_IRQHandler
                0x08000e60                EXTI9_5_IRQHandler
                0x08000e60                RTC_WKUP_IRQHandler
                0x08000e60                PVD_PVM_IRQHandler
                0x08000e60                SPI2_IRQHandler
                0x08000e60                DMA2_Channel5_IRQHandler
                0x08000e60                CRS_IRQHandler
                0x08000e60                DMA1_Channel5_IRQHandler
                0x08000e60                USB_LP_IRQHandler
                0x08000e60                EXTI4_IRQHandler
                0x08000e60                RNG_IRQHandler
                0x08000e60                TIM1_TRG_COM_TIM17_IRQHandler
                0x08000e60                TAMP_STAMP_LSECSS_IRQHandler
                0x08000e60                DMA1_Channel3_IRQHandler
                0x08000e60                COMP_IRQHandler
                0x08000e60                HSEM_IRQHandler
                0x08000e60                WWDG_IRQHandler
                0x08000e60                LPUART1_IRQHandler
                0x08000e60                DMA2_Channel6_IRQHandler
                0x08000e60                TIM2_IRQHandler
                0x08000e60                TIM1_BRK_IRQHandler
                0x08000e60                EXTI1_IRQHandler
                0x08000e60                DMA1_Channel2_IRQHandler
                0x08000e60                FLASH_IRQHandler
                0x08000e60                I2C1_ER_IRQHandler
                0x08000e60                LPTIM1_IRQHandler
                0x08000e60                SAI1_IRQHandler
                0x08000e60                DMA2_Channel3_IRQHandler
 .text.LL_GPIO_SetPinMode
                0x08000e62       0x7a ./Drivers/STM32WBxx_HAL_Driver/Src/stm32wbxx_ll_gpio.o
 .text.LL_GPIO_SetPinOutputType
                0x08000edc       0x30 ./Drivers/STM32WBxx_HAL_Driver/Src/stm32wbxx_ll_gpio.o
 .text.LL_GPIO_SetPinSpeed
                0x08000f0c       0x7a ./Drivers/STM32WBxx_HAL_Driver/Src/stm32wbxx_ll_gpio.o
 .text.LL_GPIO_SetPinPull
                0x08000f86       0x7a ./Drivers/STM32WBxx_HAL_Driver/Src/stm32wbxx_ll_gpio.o
 .text.LL_GPIO_SetAFPin_0_7
                0x08001000       0x7a ./Drivers/STM32WBxx_HAL_Driver/Src/stm32wbxx_ll_gpio.o
 .text.LL_GPIO_SetAFPin_8_15
                0x0800107a       0x7e ./Drivers/STM32WBxx_HAL_Driver/Src/stm32wbxx_ll_gpio.o
 .text.LL_GPIO_Init
                0x080010f8      0x278 ./Drivers/STM32WBxx_HAL_Driver/Src/stm32wbxx_ll_gpio.o
                0x080010f8                LL_GPIO_Init
 .text.LL_RCC_HSE_IsEnabledDiv2
                0x08001370       0x24 ./Drivers/STM32WBxx_HAL_Driver/Src/stm32wbxx_ll_rcc.o
 .text.LL_RCC_HSI_IsReady
                0x08001394       0x24 ./Drivers/STM32WBxx_HAL_Driver/Src/stm32wbxx_ll_rcc.o
 .text.LL_RCC_LSE_IsReady
                0x080013b8       0x24 ./Drivers/STM32WBxx_HAL_Driver/Src/stm32wbxx_ll_rcc.o
 .text.LL_RCC_MSI_GetRange
                0x080013dc       0x2a ./Drivers/STM32WBxx_HAL_Driver/Src/stm32wbxx_ll_rcc.o
 .text.LL_RCC_GetSysClkSource
                0x08001406       0x18 ./Drivers/STM32WBxx_HAL_Driver/Src/stm32wbxx_ll_rcc.o
 .text.LL_RCC_GetAHBPrescaler
                0x0800141e       0x18 ./Drivers/STM32WBxx_HAL_Driver/Src/stm32wbxx_ll_rcc.o
 .text.LL_RCC_GetAPB2Prescaler
                0x08001436       0x18 ./Drivers/STM32WBxx_HAL_Driver/Src/stm32wbxx_ll_rcc.o
 .text.LL_RCC_GetUSARTClockSource
                0x0800144e       0x20 ./Drivers/STM32WBxx_HAL_Driver/Src/stm32wbxx_ll_rcc.o
 .text.LL_RCC_PLL_GetN
                0x0800146e       0x1a ./Drivers/STM32WBxx_HAL_Driver/Src/stm32wbxx_ll_rcc.o
 .text.LL_RCC_PLL_GetR
                0x08001488       0x18 ./Drivers/STM32WBxx_HAL_Driver/Src/stm32wbxx_ll_rcc.o
 .text.LL_RCC_PLL_GetDivider
                0x080014a0       0x18 ./Drivers/STM32WBxx_HAL_Driver/Src/stm32wbxx_ll_rcc.o
 .text.LL_RCC_PLL_GetMainSource
                0x080014b8       0x18 ./Drivers/STM32WBxx_HAL_Driver/Src/stm32wbxx_ll_rcc.o
 .text.LL_RCC_GetUSARTClockFreq
                0x080014d0       0x90 ./Drivers/STM32WBxx_HAL_Driver/Src/stm32wbxx_ll_rcc.o
                0x080014d0                LL_RCC_GetUSARTClockFreq
 .text.RCC_GetSystemClockFreq
                0x08001560       0xb4 ./Drivers/STM32WBxx_HAL_Driver/Src/stm32wbxx_ll_rcc.o
 .text.RCC_GetHCLK1ClockFreq
                0x08001614       0x2c ./Drivers/STM32WBxx_HAL_Driver/Src/stm32wbxx_ll_rcc.o
 .text.RCC_GetPCLK2ClockFreq
                0x08001640       0x30 ./Drivers/STM32WBxx_HAL_Driver/Src/stm32wbxx_ll_rcc.o
 .text.RCC_PLL_GetFreqDomain_SYS
                0x08001670       0xac ./Drivers/STM32WBxx_HAL_Driver/Src/stm32wbxx_ll_rcc.o
 .text.LL_USART_IsEnabled
                0x0800171c       0x26 ./Drivers/STM32WBxx_HAL_Driver/Src/stm32wbxx_ll_usart.o
 .text.LL_USART_SetPrescaler
                0x08001742       0x28 ./Drivers/STM32WBxx_HAL_Driver/Src/stm32wbxx_ll_usart.o
 .text.LL_USART_SetStopBitsLength
                0x0800176a       0x26 ./Drivers/STM32WBxx_HAL_Driver/Src/stm32wbxx_ll_usart.o
 .text.LL_USART_SetHWFlowCtrl
                0x08001790       0x26 ./Drivers/STM32WBxx_HAL_Driver/Src/stm32wbxx_ll_usart.o
 *fill*         0x080017b6        0x2 
 .text.LL_USART_SetBaudRate
                0x080017b8       0xa0 ./Drivers/STM32WBxx_HAL_Driver/Src/stm32wbxx_ll_usart.o
 .text.LL_USART_Init
                0x08001858      0x23c ./Drivers/STM32WBxx_HAL_Driver/Src/stm32wbxx_ll_usart.o
                0x08001858                LL_USART_Init
 .text.LL_InitTick
                0x08001a94       0x34 ./Drivers/STM32WBxx_HAL_Driver/Src/stm32wbxx_ll_utils.o
 .text.LL_Init1msTick
                0x08001ac8       0x1a ./Drivers/STM32WBxx_HAL_Driver/Src/stm32wbxx_ll_utils.o
                0x08001ac8                LL_Init1msTick
 *fill*         0x08001ae2        0x2 
 .text.LL_SetSystemCoreClock
                0x08001ae4       0x20 ./Drivers/STM32WBxx_HAL_Driver/Src/stm32wbxx_ll_utils.o
                0x08001ae4                LL_SetSystemCoreClock
 .text.memset   0x08001b04       0x10 C:/ST/STM32CubeIDE_1.16.1/STM32CubeIDE/plugins/com.st.stm32cube.ide.mcu.externaltools.gnu-tools-for-stm32.12.3.rel1.win32_1.0.200.202406191623/tools/bin/../lib/gcc/arm-none-eabi/12.3.1/../../../../arm-none-eabi/lib/thumb/v7e-m+fp/hard\libc_nano.a(libc_a-memset.o)
                0x08001b04                memset
 .text.__libc_init_array
                0x08001b14       0x48 C:/ST/STM32CubeIDE_1.16.1/STM32CubeIDE/plugins/com.st.stm32cube.ide.mcu.externaltools.gnu-tools-for-stm32.12.3.rel1.win32_1.0.200.202406191623/tools/bin/../lib/gcc/arm-none-eabi/12.3.1/../../../../arm-none-eabi/lib/thumb/v7e-m+fp/hard\libc_nano.a(libc_a-init.o)
                0x08001b14                __libc_init_array
 *(.glue_7)
 .glue_7        0x08001b5c        0x0 linker stubs
 *(.glue_7t)
 .glue_7t       0x08001b5c        0x0 linker stubs
 *(.eh_frame)
 .eh_frame      0x08001b5c        0x0 C:/ST/STM32CubeIDE_1.16.1/STM32CubeIDE/plugins/com.st.stm32cube.ide.mcu.externaltools.gnu-tools-for-stm32.12.3.rel1.win32_1.0.200.202406191623/tools/bin/../lib/gcc/arm-none-eabi/12.3.1/thumb/v7e-m+fp/hard/crtbegin.o
 *(.init)
 .init          0x08001b5c        0x4 C:/ST/STM32CubeIDE_1.16.1/STM32CubeIDE/plugins/com.st.stm32cube.ide.mcu.externaltools.gnu-tools-for-stm32.12.3.rel1.win32_1.0.200.202406191623/tools/bin/../lib/gcc/arm-none-eabi/12.3.1/thumb/v7e-m+fp/hard/crti.o
                0x08001b5c                _init
 .init          0x08001b60        0x8 C:/ST/STM32CubeIDE_1.16.1/STM32CubeIDE/plugins/com.st.stm32cube.ide.mcu.externaltools.gnu-tools-for-stm32.12.3.rel1.win32_1.0.200.202406191623/tools/bin/../lib/gcc/arm-none-eabi/12.3.1/thumb/v7e-m+fp/hard/crtn.o
 *(.fini)
 .fini          0x08001b68        0x4 C:/ST/STM32CubeIDE_1.16.1/STM32CubeIDE/plugins/com.st.stm32cube.ide.mcu.externaltools.gnu-tools-for-stm32.12.3.rel1.win32_1.0.200.202406191623/tools/bin/../lib/gcc/arm-none-eabi/12.3.1/thumb/v7e-m+fp/hard/crti.o
                0x08001b68                _fini
 .fini          0x08001b6c        0x8 C:/ST/STM32CubeIDE_1.16.1/STM32CubeIDE/plugins/com.st.stm32cube.ide.mcu.externaltools.gnu-tools-for-stm32.12.3.rel1.win32_1.0.200.202406191623/tools/bin/../lib/gcc/arm-none-eabi/12.3.1/thumb/v7e-m+fp/hard/crtn.o
                0x08001b74                        . = ALIGN (0x4)
                0x08001b74                        _etext = .

.vfp11_veneer   0x08001b74        0x0
 .vfp11_veneer  0x08001b74        0x0 linker stubs

.v4_bx          0x08001b74        0x0
 .v4_bx         0x08001b74        0x0 linker stubs

.iplt           0x08001b74        0x0
 .iplt          0x08001b74        0x0 C:/ST/STM32CubeIDE_1.16.1/STM32CubeIDE/plugins/com.st.stm32cube.ide.mcu.externaltools.gnu-tools-for-stm32.12.3.rel1.win32_1.0.200.202406191623/tools/bin/../lib/gcc/arm-none-eabi/12.3.1/thumb/v7e-m+fp/hard/crtbegin.o

.rodata         0x08001b74      0x17c
                0x08001b74                        . = ALIGN (0x4)
 *(.rodata)
 .rodata        0x08001b74       0x38 ./Drivers/STM32WBxx_HAL_Driver/Src/stm32wbxx_ll_gpio.o
 .rodata        0x08001bac       0x37 ./Drivers/STM32WBxx_HAL_Driver/Src/stm32wbxx_ll_rcc.o
 *fill*         0x08001be3        0x1 
 .rodata        0x08001be4       0x39 ./Drivers/STM32WBxx_HAL_Driver/Src/stm32wbxx_ll_usart.o
 *(.rodata*)
 *fill*         0x08001c1d        0x3 
 .rodata.AHBPrescTable
                0x08001c20       0x40 ./Core/Src/system_stm32wbxx.o
                0x08001c20                AHBPrescTable
 .rodata.APBPrescTable
                0x08001c60       0x20 ./Core/Src/system_stm32wbxx.o
                0x08001c60                APBPrescTable
 .rodata.MSIRangeTable
                0x08001c80       0x40 ./Core/Src/system_stm32wbxx.o
                0x08001c80                MSIRangeTable
 .rodata.USART_PRESCALER_TAB
                0x08001cc0       0x30 ./Drivers/STM32WBxx_HAL_Driver/Src/stm32wbxx_ll_usart.o
                0x08001cf0                        . = ALIGN (0x4)

.ARM.extab
 *(.ARM.extab* .gnu.linkonce.armextab.*)

.ARM            0x08001cf0        0x0
                0x08001cf0                        __exidx_start = .
 *(.ARM.exidx*)
                0x08001cf0                        __exidx_end = .

.preinit_array  0x08001cf0        0x0
                0x08001cf0                        PROVIDE (__preinit_array_start = .)
 *(.preinit_array*)
                0x08001cf0                        PROVIDE (__preinit_array_end = .)

.init_array     0x08001cf0        0x4
                0x08001cf0                        PROVIDE (__init_array_start = .)
 *(SORT_BY_NAME(.init_array.*))
 *(.init_array*)
 .init_array    0x08001cf0        0x4 C:/ST/STM32CubeIDE_1.16.1/STM32CubeIDE/plugins/com.st.stm32cube.ide.mcu.externaltools.gnu-tools-for-stm32.12.3.rel1.win32_1.0.200.202406191623/tools/bin/../lib/gcc/arm-none-eabi/12.3.1/thumb/v7e-m+fp/hard/crtbegin.o
                0x08001cf4                        PROVIDE (__init_array_end = .)

.fini_array     0x08001cf4        0x4
                [!provide]                        PROVIDE (__fini_array_start = .)
 *(SORT_BY_NAME(.fini_array.*))
 *(.fini_array*)
 .fini_array    0x08001cf4        0x4 C:/ST/STM32CubeIDE_1.16.1/STM32CubeIDE/plugins/com.st.stm32cube.ide.mcu.externaltools.gnu-tools-for-stm32.12.3.rel1.win32_1.0.200.202406191623/tools/bin/../lib/gcc/arm-none-eabi/12.3.1/thumb/v7e-m+fp/hard/crtbegin.o
                [!provide]                        PROVIDE (__fini_array_end = .)
                0x08001cf8                        _sidata = LOADADDR (.data)

.rel.dyn        0x08001cf8        0x0
 .rel.iplt      0x08001cf8        0x0 C:/ST/STM32CubeIDE_1.16.1/STM32CubeIDE/plugins/com.st.stm32cube.ide.mcu.externaltools.gnu-tools-for-stm32.12.3.rel1.win32_1.0.200.202406191623/tools/bin/../lib/gcc/arm-none-eabi/12.3.1/thumb/v7e-m+fp/hard/crtbegin.o

.data           0x20000008        0x4 load address 0x08001cf8
                0x20000008                        . = ALIGN (0x4)
                0x20000008                        _sdata = .
 *(.data)
 *(.data*)
 .data.SystemCoreClock
                0x20000008        0x4 ./Core/Src/system_stm32wbxx.o
                0x20000008                SystemCoreClock
 *(.RamFunc)
 *(.RamFunc*)
                0x2000000c                        . = ALIGN (0x4)
                0x2000000c                        _edata = .

.igot.plt       0x2000000c        0x0 load address 0x08001cfc
 .igot.plt      0x2000000c        0x0 C:/ST/STM32CubeIDE_1.16.1/STM32CubeIDE/plugins/com.st.stm32cube.ide.mcu.externaltools.gnu-tools-for-stm32.12.3.rel1.win32_1.0.200.202406191623/tools/bin/../lib/gcc/arm-none-eabi/12.3.1/thumb/v7e-m+fp/hard/crtbegin.o
                0x2000000c                        . = ALIGN (0x4)

.bss            0x2000000c       0x1c load address 0x08001cfc
                0x2000000c                        _sbss = .
                0x2000000c                        __bss_start__ = _sbss
 *(.bss)
 .bss           0x2000000c       0x1c C:/ST/STM32CubeIDE_1.16.1/STM32CubeIDE/plugins/com.st.stm32cube.ide.mcu.externaltools.gnu-tools-for-stm32.12.3.rel1.win32_1.0.200.202406191623/tools/bin/../lib/gcc/arm-none-eabi/12.3.1/thumb/v7e-m+fp/hard/crtbegin.o
 *(.bss*)
 *(COMMON)
                0x20000028                        . = ALIGN (0x4)
                0x20000028                        _ebss = .
                0x20000028                        __bss_end__ = _ebss

._user_heap_stack
                0x20000028      0x600 load address 0x08001cfc
                0x20000028                        . = ALIGN (0x8)
                [!provide]                        PROVIDE (end = .)
                0x20000028                        PROVIDE (_end = .)
                0x20000228                        . = (. + _Min_Heap_Size)
 *fill*         0x20000028      0x200 
                0x20000628                        . = (. + _Min_Stack_Size)
 *fill*         0x20000228      0x400 
                0x20000628                        . = ALIGN (0x8)

/DISCARD/
 libc.a(*)
 libm.a(*)
 libgcc.a(*)

.ARM.attributes
                0x00000000       0x30
 *(.ARM.attributes)
 .ARM.attributes
                0x00000000       0x22 C:/ST/STM32CubeIDE_1.16.1/STM32CubeIDE/plugins/com.st.stm32cube.ide.mcu.externaltools.gnu-tools-for-stm32.12.3.rel1.win32_1.0.200.202406191623/tools/bin/../lib/gcc/arm-none-eabi/12.3.1/thumb/v7e-m+fp/hard/crti.o
 .ARM.attributes
                0x00000022       0x34 C:/ST/STM32CubeIDE_1.16.1/STM32CubeIDE/plugins/com.st.stm32cube.ide.mcu.externaltools.gnu-tools-for-stm32.12.3.rel1.win32_1.0.200.202406191623/tools/bin/../lib/gcc/arm-none-eabi/12.3.1/thumb/v7e-m+fp/hard/crtbegin.o
 .ARM.attributes
                0x00000056       0x34 ./App/Serial/Src/Serial_IT.o
 .ARM.attributes
                0x0000008a       0x34 ./Core/Src/gpio.o
 .ARM.attributes
                0x000000be       0x34 ./Core/Src/main.o
 .ARM.attributes
                0x000000f2       0x34 ./Core/Src/stm32wbxx_it.o
 .ARM.attributes
                0x00000126       0x34 ./Core/Src/system_stm32wbxx.o
 .ARM.attributes
                0x0000015a       0x34 ./Core/Src/usart.o
 .ARM.attributes
                0x0000018e       0x21 ./Core/Startup/startup_stm32wb55rgvx.o
 .ARM.attributes
                0x000001af       0x34 ./Drivers/STM32WBxx_HAL_Driver/Src/stm32wbxx_ll_gpio.o
 .ARM.attributes
                0x000001e3       0x34 ./Drivers/STM32WBxx_HAL_Driver/Src/stm32wbxx_ll_rcc.o
 .ARM.attributes
                0x00000217       0x34 ./Drivers/STM32WBxx_HAL_Driver/Src/stm32wbxx_ll_usart.o
 .ARM.attributes
                0x0000024b       0x34 ./Drivers/STM32WBxx_HAL_Driver/Src/stm32wbxx_ll_utils.o
 .ARM.attributes
                0x0000027f       0x34 C:/ST/STM32CubeIDE_1.16.1/STM32CubeIDE/plugins/com.st.stm32cube.ide.mcu.externaltools.gnu-tools-for-stm32.12.3.rel1.win32_1.0.200.202406191623/tools/bin/../lib/gcc/arm-none-eabi/12.3.1/../../../../arm-none-eabi/lib/thumb/v7e-m+fp/hard\libc_nano.a(libc_a-memset.o)
 .ARM.attributes
                0x000002b3       0x34 C:/ST/STM32CubeIDE_1.16.1/STM32CubeIDE/plugins/com.st.stm32cube.ide.mcu.externaltools.gnu-tools-for-stm32.12.3.rel1.win32_1.0.200.202406191623/tools/bin/../lib/gcc/arm-none-eabi/12.3.1/../../../../arm-none-eabi/lib/thumb/v7e-m+fp/hard\libc_nano.a(libc_a-init.o)
 .ARM.attributes
                0x000002e7       0x22 C:/ST/STM32CubeIDE_1.16.1/STM32CubeIDE/plugins/com.st.stm32cube.ide.mcu.externaltools.gnu-tools-for-stm32.12.3.rel1.win32_1.0.200.202406191623/tools/bin/../lib/gcc/arm-none-eabi/12.3.1/thumb/v7e-m+fp/hard/crtn.o

MAPPING_TABLE
 *(MAPPING_TABLE)

MB_MEM1
 *(MB_MEM1)
                0x08001cfc                        _siMB_MEM2 = LOADADDR (.MB_MEM2)

.MB_MEM2        0x20030000        0x0 load address 0x08001cfc
                0x20030000                        _sMB_MEM2 = .
 *(MB_MEM2)
                0x20030000                        _eMB_MEM2 = .
OUTPUT(Project_T1.elf elf32-littlearm)
LOAD linker stubs
LOAD C:/ST/STM32CubeIDE_1.16.1/STM32CubeIDE/plugins/com.st.stm32cube.ide.mcu.externaltools.gnu-tools-for-stm32.12.3.rel1.win32_1.0.200.202406191623/tools/bin/../lib/gcc/arm-none-eabi/12.3.1/../../../../arm-none-eabi/lib/thumb/v7e-m+fp/hard\libc.a
LOAD C:/ST/STM32CubeIDE_1.16.1/STM32CubeIDE/plugins/com.st.stm32cube.ide.mcu.externaltools.gnu-tools-for-stm32.12.3.rel1.win32_1.0.200.202406191623/tools/bin/../lib/gcc/arm-none-eabi/12.3.1/../../../../arm-none-eabi/lib/thumb/v7e-m+fp/hard\libm.a
LOAD C:/ST/STM32CubeIDE_1.16.1/STM32CubeIDE/plugins/com.st.stm32cube.ide.mcu.externaltools.gnu-tools-for-stm32.12.3.rel1.win32_1.0.200.202406191623/tools/bin/../lib/gcc/arm-none-eabi/12.3.1/thumb/v7e-m+fp/hard\libgcc.a

.debug_info     0x00000000     0x6523
 .debug_info    0x00000000      0x6ad ./App/Serial/Src/Serial_IT.o
 .debug_info    0x000006ad      0x40e ./Core/Src/gpio.o
 .debug_info    0x00000abb      0xf01 ./Core/Src/main.o
 .debug_info    0x000019bc      0x15f ./Core/Src/stm32wbxx_it.o
 .debug_info    0x00001b1b      0x6fc ./Core/Src/system_stm32wbxx.o
 .debug_info    0x00002217     0x1007 ./Core/Src/usart.o
 .debug_info    0x0000321e       0x30 ./Core/Startup/startup_stm32wb55rgvx.o
 .debug_info    0x0000324e      0xaca ./Drivers/STM32WBxx_HAL_Driver/Src/stm32wbxx_ll_gpio.o
 .debug_info    0x00003d18     0x1039 ./Drivers/STM32WBxx_HAL_Driver/Src/stm32wbxx_ll_rcc.o
 .debug_info    0x00004d51      0x892 ./Drivers/STM32WBxx_HAL_Driver/Src/stm32wbxx_ll_usart.o
 .debug_info    0x000055e3      0xf40 ./Drivers/STM32WBxx_HAL_Driver/Src/stm32wbxx_ll_utils.o

.debug_abbrev   0x00000000     0x1369
 .debug_abbrev  0x00000000      0x20e ./App/Serial/Src/Serial_IT.o
 .debug_abbrev  0x0000020e      0x115 ./Core/Src/gpio.o
 .debug_abbrev  0x00000323      0x25b ./Core/Src/main.o
 .debug_abbrev  0x0000057e       0xac ./Core/Src/stm32wbxx_it.o
 .debug_abbrev  0x0000062a      0x13b ./Core/Src/system_stm32wbxx.o
 .debug_abbrev  0x00000765      0x295 ./Core/Src/usart.o
 .debug_abbrev  0x000009fa       0x24 ./Core/Startup/startup_stm32wb55rgvx.o
 .debug_abbrev  0x00000a1e      0x272 ./Drivers/STM32WBxx_HAL_Driver/Src/stm32wbxx_ll_gpio.o
 .debug_abbrev  0x00000c90      0x247 ./Drivers/STM32WBxx_HAL_Driver/Src/stm32wbxx_ll_rcc.o
 .debug_abbrev  0x00000ed7      0x211 ./Drivers/STM32WBxx_HAL_Driver/Src/stm32wbxx_ll_usart.o
 .debug_abbrev  0x000010e8      0x281 ./Drivers/STM32WBxx_HAL_Driver/Src/stm32wbxx_ll_utils.o

.debug_aranges  0x00000000      0x7c0
 .debug_aranges
                0x00000000       0x90 ./App/Serial/Src/Serial_IT.o
 .debug_aranges
                0x00000090       0x28 ./Core/Src/gpio.o
 .debug_aranges
                0x000000b8      0x100 ./Core/Src/main.o
 .debug_aranges
                0x000001b8       0x68 ./Core/Src/stm32wbxx_it.o
 .debug_aranges
                0x00000220       0x28 ./Core/Src/system_stm32wbxx.o
 .debug_aranges
                0x00000248       0x90 ./Core/Src/usart.o
 .debug_aranges
                0x000002d8       0x30 ./Core/Startup/startup_stm32wb55rgvx.o
 .debug_aranges
                0x00000308       0x70 ./Drivers/STM32WBxx_HAL_Driver/Src/stm32wbxx_ll_gpio.o
 .debug_aranges
                0x00000378      0x2a0 ./Drivers/STM32WBxx_HAL_Driver/Src/stm32wbxx_ll_rcc.o
 .debug_aranges
                0x00000618       0x78 ./Drivers/STM32WBxx_HAL_Driver/Src/stm32wbxx_ll_usart.o
 .debug_aranges
                0x00000690      0x130 ./Drivers/STM32WBxx_HAL_Driver/Src/stm32wbxx_ll_utils.o

.debug_rnglists
                0x00000000      0x5bb
 .debug_rnglists
                0x00000000       0x68 ./App/Serial/Src/Serial_IT.o
 .debug_rnglists
                0x00000068       0x19 ./Core/Src/gpio.o
 .debug_rnglists
                0x00000081       0xbc ./Core/Src/main.o
 .debug_rnglists
                0x0000013d       0x49 ./Core/Src/stm32wbxx_it.o
 .debug_rnglists
                0x00000186       0x1b ./Core/Src/system_stm32wbxx.o
 .debug_rnglists
                0x000001a1       0x68 ./Core/Src/usart.o
 .debug_rnglists
                0x00000209       0x1f ./Core/Startup/startup_stm32wb55rgvx.o
 .debug_rnglists
                0x00000228       0x51 ./Drivers/STM32WBxx_HAL_Driver/Src/stm32wbxx_ll_gpio.o
 .debug_rnglists
                0x00000279      0x205 ./Drivers/STM32WBxx_HAL_Driver/Src/stm32wbxx_ll_rcc.o
 .debug_rnglists
                0x0000047e       0x58 ./Drivers/STM32WBxx_HAL_Driver/Src/stm32wbxx_ll_usart.o
 .debug_rnglists
                0x000004d6       0xe5 ./Drivers/STM32WBxx_HAL_Driver/Src/stm32wbxx_ll_utils.o

.debug_macro    0x00000000    0x18bce
 .debug_macro   0x00000000       0xea ./App/Serial/Src/Serial_IT.o
 .debug_macro   0x000000ea      0xafc ./App/Serial/Src/Serial_IT.o
 .debug_macro   0x00000be6       0x2e ./App/Serial/Src/Serial_IT.o
 .debug_macro   0x00000c14       0x22 ./App/Serial/Src/Serial_IT.o
 .debug_macro   0x00000c36       0x8e ./App/Serial/Src/Serial_IT.o
 .debug_macro   0x00000cc4       0x51 ./App/Serial/Src/Serial_IT.o
 .debug_macro   0x00000d15      0x103 ./App/Serial/Src/Serial_IT.o
 .debug_macro   0x00000e18       0x6a ./App/Serial/Src/Serial_IT.o
 .debug_macro   0x00000e82      0x1df ./App/Serial/Src/Serial_IT.o
 .debug_macro   0x00001061       0x1c ./App/Serial/Src/Serial_IT.o
 .debug_macro   0x0000107d       0x22 ./App/Serial/Src/Serial_IT.o
 .debug_macro   0x0000109f       0xfb ./App/Serial/Src/Serial_IT.o
 .debug_macro   0x0000119a     0x1011 ./App/Serial/Src/Serial_IT.o
 .debug_macro   0x000021ab      0x11f ./App/Serial/Src/Serial_IT.o
 .debug_macro   0x000022ca    0x12adb ./App/Serial/Src/Serial_IT.o
 .debug_macro   0x00014da5       0x2e ./App/Serial/Src/Serial_IT.o
 .debug_macro   0x00014dd3       0x6c ./App/Serial/Src/Serial_IT.o
 .debug_macro   0x00014e3f      0x409 ./App/Serial/Src/Serial_IT.o
 .debug_macro   0x00015248      0x167 ./Core/Src/gpio.o
 .debug_macro   0x000153af       0xde ./Core/Src/gpio.o
 .debug_macro   0x0001548d      0x883 ./Core/Src/gpio.o
 .debug_macro   0x00015d10      0x259 ./Core/Src/gpio.o
 .debug_macro   0x00015f69      0x557 ./Core/Src/gpio.o
 .debug_macro   0x000164c0      0x175 ./Core/Src/gpio.o
 .debug_macro   0x00016635      0x1a8 ./Core/Src/gpio.o
 .debug_macro   0x000167dd       0x45 ./Core/Src/gpio.o
 .debug_macro   0x00016822      0x381 ./Core/Src/gpio.o
 .debug_macro   0x00016ba3      0x3f5 ./Core/Src/gpio.o
 .debug_macro   0x00016f98      0x28d ./Core/Src/gpio.o
 .debug_macro   0x00017225      0x40f ./Core/Src/gpio.o
 .debug_macro   0x00017634      0x14d ./Core/Src/gpio.o
 .debug_macro   0x00017781       0x10 ./Core/Src/gpio.o
 .debug_macro   0x00017791       0x22 ./Core/Src/gpio.o
 .debug_macro   0x000177b3      0x189 ./Core/Src/main.o
 .debug_macro   0x0001793c      0x171 ./Core/Src/stm32wbxx_it.o
 .debug_macro   0x00017aad       0xd3 ./Core/Src/system_stm32wbxx.o
 .debug_macro   0x00017b80      0x167 ./Core/Src/usart.o
 .debug_macro   0x00017ce7      0x112 ./Drivers/STM32WBxx_HAL_Driver/Src/stm32wbxx_ll_gpio.o
 .debug_macro   0x00017df9      0x147 ./Drivers/STM32WBxx_HAL_Driver/Src/stm32wbxx_ll_gpio.o
 .debug_macro   0x00017f40      0x11b ./Drivers/STM32WBxx_HAL_Driver/Src/stm32wbxx_ll_rcc.o
 .debug_macro   0x0001805b      0x87d ./Drivers/STM32WBxx_HAL_Driver/Src/stm32wbxx_ll_rcc.o
 .debug_macro   0x000188d8      0x14b ./Drivers/STM32WBxx_HAL_Driver/Src/stm32wbxx_ll_usart.o
 .debug_macro   0x00018a23      0x16c ./Drivers/STM32WBxx_HAL_Driver/Src/stm32wbxx_ll_utils.o
 .debug_macro   0x00018b8f       0x3f ./Drivers/STM32WBxx_HAL_Driver/Src/stm32wbxx_ll_utils.o

.debug_line     0x00000000     0x650d
 .debug_line    0x00000000      0x91f ./App/Serial/Src/Serial_IT.o
 .debug_line    0x0000091f      0x672 ./Core/Src/gpio.o
 .debug_line    0x00000f91      0xabc ./Core/Src/main.o
 .debug_line    0x00001a4d      0x769 ./Core/Src/stm32wbxx_it.o
 .debug_line    0x000021b6      0x5ab ./Core/Src/system_stm32wbxx.o
 .debug_line    0x00002761      0x954 ./Core/Src/usart.o
 .debug_line    0x000030b5       0x83 ./Core/Startup/startup_stm32wb55rgvx.o
 .debug_line    0x00003138      0x967 ./Drivers/STM32WBxx_HAL_Driver/Src/stm32wbxx_ll_gpio.o
 .debug_line    0x00003a9f     0x146f ./Drivers/STM32WBxx_HAL_Driver/Src/stm32wbxx_ll_rcc.o
 .debug_line    0x00004f0e      0x868 ./Drivers/STM32WBxx_HAL_Driver/Src/stm32wbxx_ll_usart.o
 .debug_line    0x00005776      0xd97 ./Drivers/STM32WBxx_HAL_Driver/Src/stm32wbxx_ll_utils.o

.debug_str      0x00000000    0x8b30b
 .debug_str     0x00000000    0x78ace ./App/Serial/Src/Serial_IT.o
                              0x78ccb (size before relaxing)
 .debug_str     0x00078ace     0xf0fe ./Core/Src/gpio.o
                              0x87b8f (size before relaxing)
 .debug_str     0x00087bcc      0x841 ./Core/Src/main.o
                              0x88446 (size before relaxing)
 .debug_str     0x0008840d       0xcf ./Core/Src/stm32wbxx_it.o
                              0x87a05 (size before relaxing)
 .debug_str     0x000884dc       0xb7 ./Core/Src/system_stm32wbxx.o
                              0x773dc (size before relaxing)
 .debug_str     0x00088593      0x214 ./Core/Src/usart.o
                              0x88391 (size before relaxing)
 .debug_str     0x000887a7       0x44 ./Core/Startup/startup_stm32wb55rgvx.o
                                 0x6e (size before relaxing)
 .debug_str     0x000887eb      0x66c ./Drivers/STM32WBxx_HAL_Driver/Src/stm32wbxx_ll_gpio.o
                              0x791d8 (size before relaxing)
 .debug_str     0x00088e57      0xca6 ./Drivers/STM32WBxx_HAL_Driver/Src/stm32wbxx_ll_rcc.o
                              0x7ca06 (size before relaxing)
 .debug_str     0x00089afd      0xa8f ./Drivers/STM32WBxx_HAL_Driver/Src/stm32wbxx_ll_usart.o
                              0x7f1ba (size before relaxing)
 .debug_str     0x0008a58c      0xd7f ./Drivers/STM32WBxx_HAL_Driver/Src/stm32wbxx_ll_utils.o
                              0x80989 (size before relaxing)

.comment        0x00000000       0x43
 .comment       0x00000000       0x43 ./App/Serial/Src/Serial_IT.o
                                 0x44 (size before relaxing)
 .comment       0x00000043       0x44 ./Core/Src/gpio.o
 .comment       0x00000043       0x44 ./Core/Src/main.o
 .comment       0x00000043       0x44 ./Core/Src/stm32wbxx_it.o
 .comment       0x00000043       0x44 ./Core/Src/system_stm32wbxx.o
 .comment       0x00000043       0x44 ./Core/Src/usart.o
 .comment       0x00000043       0x44 ./Drivers/STM32WBxx_HAL_Driver/Src/stm32wbxx_ll_gpio.o
 .comment       0x00000043       0x44 ./Drivers/STM32WBxx_HAL_Driver/Src/stm32wbxx_ll_rcc.o
 .comment       0x00000043       0x44 ./Drivers/STM32WBxx_HAL_Driver/Src/stm32wbxx_ll_usart.o
 .comment       0x00000043       0x44 ./Drivers/STM32WBxx_HAL_Driver/Src/stm32wbxx_ll_utils.o

.debug_frame    0x00000000     0x1e9c
 .debug_frame   0x00000000      0x248 ./App/Serial/Src/Serial_IT.o
 .debug_frame   0x00000248       0x54 ./Core/Src/gpio.o
 .debug_frame   0x0000029c      0x414 ./Core/Src/main.o
 .debug_frame   0x000006b0      0x124 ./Core/Src/stm32wbxx_it.o
 .debug_frame   0x000007d4       0x58 ./Core/Src/system_stm32wbxx.o
 .debug_frame   0x0000082c      0x25c ./Core/Src/usart.o
 .debug_frame   0x00000a88      0x1c4 ./Drivers/STM32WBxx_HAL_Driver/Src/stm32wbxx_ll_gpio.o
 .debug_frame   0x00000c4c      0xb24 ./Drivers/STM32WBxx_HAL_Driver/Src/stm32wbxx_ll_rcc.o
 .debug_frame   0x00001770      0x1e8 ./Drivers/STM32WBxx_HAL_Driver/Src/stm32wbxx_ll_usart.o
 .debug_frame   0x00001958      0x4f8 ./Drivers/STM32WBxx_HAL_Driver/Src/stm32wbxx_ll_utils.o
 .debug_frame   0x00001e50       0x20 C:/ST/STM32CubeIDE_1.16.1/STM32CubeIDE/plugins/com.st.stm32cube.ide.mcu.externaltools.gnu-tools-for-stm32.12.3.rel1.win32_1.0.200.202406191623/tools/bin/../lib/gcc/arm-none-eabi/12.3.1/../../../../arm-none-eabi/lib/thumb/v7e-m+fp/hard\libc_nano.a(libc_a-memset.o)
 .debug_frame   0x00001e70       0x2c C:/ST/STM32CubeIDE_1.16.1/STM32CubeIDE/plugins/com.st.stm32cube.ide.mcu.externaltools.gnu-tools-for-stm32.12.3.rel1.win32_1.0.200.202406191623/tools/bin/../lib/gcc/arm-none-eabi/12.3.1/../../../../arm-none-eabi/lib/thumb/v7e-m+fp/hard\libc_nano.a(libc_a-init.o)

.debug_line_str
                0x00000000       0x52
 .debug_line_str
                0x00000000       0x52 ./Core/Startup/startup_stm32wb55rgvx.o
